172.18.0.1 - - [29/Sep/2025:22:58:41 +0000] "GET /api/health HTTP/1.1" 200 95 "http://localhost/dashboard" "Mozilla/5.0 (Windows NT 10.0; Win64; x64) AppleWebKit/537.36 (KHTML, like Gecko) Chrome/140.0.0.0 Safari/537.36" "-"
127.0.0.1 - - [29/Sep/2025:22:58:43 +0000] "GET / HTTP/1.1" 499 0 "-" "curl/8.5.0" "-"
172.18.0.1 - - [29/Sep/2025:22:59:11 +0000] "GET /api/health HTTP/1.1" 200 95 "http://localhost/dashboard" "Mozilla/5.0 (Windows NT 10.0; Win64; x64) AppleWebKit/537.36 (KHTML, like Gecko) Chrome/140.0.0.0 Safari/537.36" "-"
127.0.0.1 - - [29/Sep/2025:22:59:15 +0000] "GET / HTTP/1.1" 200 2447 "-" "curl/8.5.0" "-"
172.18.0.1 - - [29/Sep/2025:22:59:41 +0000] "GET /api/health HTTP/1.1" 200 95 "http://localhost/dashboard" "Mozilla/5.0 (Windows NT 10.0; Win64; x64) AppleWebKit/537.36 (KHTML, like Gecko) Chrome/140.0.0.0 Safari/537.36" "-"
127.0.0.1 - - [29/Sep/2025:22:59:48 +0000] "GET / HTTP/1.1" 499 0 "-" "curl/8.5.0" "-"
172.18.0.1 - - [29/Sep/2025:23:00:11 +0000] "GET /api/health HTTP/1.1" 200 95 "http://localhost/dashboard" "Mozilla/5.0 (Windows NT 10.0; Win64; x64) AppleWebKit/537.36 (KHTML, like Gecko) Chrome/140.0.0.0 Safari/537.36" "-"
127.0.0.1 - - [29/Sep/2025:23:00:21 +0000] "GET / HTTP/1.1" 200 2356 "-" "curl/8.5.0" "-"
172.18.0.1 - - [29/Sep/2025:23:00:41 +0000] "GET /api/health HTTP/1.1" 200 95 "http://localhost/dashboard" "Mozilla/5.0 (Windows NT 10.0; Win64; x64) AppleWebKit/537.36 (KHTML, like Gecko) Chrome/140.0.0.0 Safari/537.36" "-"
127.0.0.1 - - [29/Sep/2025:23:00:54 +0000] "GET / HTTP/1.1" 499 0 "-" "curl/8.5.0" "-"
172.18.0.1 - - [29/Sep/2025:23:01:11 +0000] "GET /api/health HTTP/1.1" 200 95 "http://localhost/dashboard" "Mozilla/5.0 (Windows NT 10.0; Win64; x64) AppleWebKit/537.36 (KHTML, like Gecko) Chrome/140.0.0.0 Safari/537.36" "-"
127.0.0.1 - - [29/Sep/2025:23:01:26 +0000] "GET / HTTP/1.1" 200 2386 "-" "curl/8.5.0" "-"
172.18.0.1 - - [29/Sep/2025:23:01:41 +0000] "GET /api/health HTTP/1.1" 200 95 "http://localhost/dashboard" "Mozilla/5.0 (Windows NT 10.0; Win64; x64) AppleWebKit/537.36 (KHTML, like Gecko) Chrome/140.0.0.0 Safari/537.36" "-"
127.0.0.1 - - [29/Sep/2025:23:01:59 +0000] "GET / HTTP/1.1" 499 0 "-" "curl/8.5.0" "-"
172.18.0.1 - - [29/Sep/2025:23:02:11 +0000] "GET /api/health HTTP/1.1" 200 95 "http://localhost/dashboard" "Mozilla/5.0 (Windows NT 10.0; Win64; x64) AppleWebKit/537.36 (KHTML, like Gecko) Chrome/140.0.0.0 Safari/537.36" "-"
127.0.0.1 - - [29/Sep/2025:23:02:31 +0000] "GET / HTTP/1.1" 200 2384 "-" "curl/8.5.0" "-"
172.18.0.1 - - [29/Sep/2025:23:02:41 +0000] "GET /api/health HTTP/1.1" 200 95 "http://localhost/dashboard" "Mozilla/5.0 (Windows NT 10.0; Win64; x64) AppleWebKit/537.36 (KHTML, like Gecko) Chrome/140.0.0.0 Safari/537.36" "-"
127.0.0.1 - - [29/Sep/2025:23:03:04 +0000] "GET / HTTP/1.1" 499 0 "-" "curl/8.5.0" "-"
172.18.0.1 - - [29/Sep/2025:23:03:11 +0000] "GET /api/health HTTP/1.1" 200 95 "http://localhost/dashboard" "Mozilla/5.0 (Windows NT 10.0; Win64; x64) AppleWebKit/537.36 (KHTML, like Gecko) Chrome/140.0.0.0 Safari/537.36" "-"
127.0.0.1 - - [29/Sep/2025:23:03:36 +0000] "GET / HTTP/1.1" 200 2384 "-" "curl/8.5.0" "-"
172.18.0.1 - - [29/Sep/2025:23:03:41 +0000] "GET /api/health HTTP/1.1" 200 95 "http://localhost/dashboard" "Mozilla/5.0 (Windows NT 10.0; Win64; x64) AppleWebKit/537.36 (KHTML, like Gecko) Chrome/140.0.0.0 Safari/537.36" "-"
127.0.0.1 - - [29/Sep/2025:23:04:09 +0000] "GET / HTTP/1.1" 499 0 "-" "curl/8.5.0" "-"
172.18.0.1 - - [29/Sep/2025:23:04:11 +0000] "GET /api/health HTTP/1.1" 200 95 "http://localhost/dashboard" "Mozilla/5.0 (Windows NT 10.0; Win64; x64) AppleWebKit/537.36 (KHTML, like Gecko) Chrome/140.0.0.0 Safari/537.36" "-"
172.18.0.1 - - [29/Sep/2025:23:04:41 +0000] "GET /api/health HTTP/1.1" 200 95 "http://localhost/dashboard" "Mozilla/5.0 (Windows NT 10.0; Win64; x64) AppleWebKit/537.36 (KHTML, like Gecko) Chrome/140.0.0.0 Safari/537.36" "-"
127.0.0.1 - - [29/Sep/2025:23:04:42 +0000] "GET / HTTP/1.1" 200 2363 "-" "curl/8.5.0" "-"
172.18.0.1 - - [29/Sep/2025:23:05:11 +0000] "GET /api/health HTTP/1.1" 200 95 "http://localhost/dashboard" "Mozilla/5.0 (Windows NT 10.0; Win64; x64) AppleWebKit/537.36 (KHTML, like Gecko) Chrome/140.0.0.0 Safari/537.36" "-"
127.0.0.1 - - [29/Sep/2025:23:05:15 +0000] "GET / HTTP/1.1" 499 0 "-" "curl/8.5.0" "-"
172.18.0.1 - - [29/Sep/2025:23:05:41 +0000] "GET /api/health HTTP/1.1" 200 95 "http://localhost/dashboard" "Mozilla/5.0 (Windows NT 10.0; Win64; x64) AppleWebKit/537.36 (KHTML, like Gecko) Chrome/140.0.0.0 Safari/537.36" "-"
127.0.0.1 - - [29/Sep/2025:23:05:48 +0000] "GET / HTTP/1.1" 200 2393 "-" "curl/8.5.0" "-"
172.18.0.1 - - [29/Sep/2025:23:06:00 +0000] "GET /dashboard HTTP/1.1" 200 992 "http://localhost/products/create" "Mozilla/5.0 (Windows NT 10.0; Win64; x64) AppleWebKit/537.36 (KHTML, like Gecko) Chrome/140.0.0.0 Safari/537.36" "-"
172.18.0.1 - - [29/Sep/2025:23:06:00 +0000] "GET /build/assets/app-B3uhbGIo.css HTTP/1.1" 200 93823 "http://localhost/dashboard" "Mozilla/5.0 (Windows NT 10.0; Win64; x64) AppleWebKit/537.36 (KHTML, like Gecko) Chrome/140.0.0.0 Safari/537.36" "-"
172.18.0.1 - - [29/Sep/2025:23:06:00 +0000] "GET /build/assets/app-BuXO8gmL.js HTTP/1.1" 200 345241 "-" "Mozilla/5.0 (Windows NT 10.0; Win64; x64) AppleWebKit/537.36 (KHTML, like Gecko) Chrome/140.0.0.0 Safari/537.36" "-"
172.18.0.1 - - [29/Sep/2025:23:06:00 +0000] "GET /build/assets/dashboard-Cglavz7-.js HTTP/1.1" 200 6364 "-" "Mozilla/5.0 (Windows NT 10.0; Win64; x64) AppleWebKit/537.36 (KHTML, like Gecko) Chrome/140.0.0.0 Safari/537.36" "-"
172.18.0.1 - - [29/Sep/2025:23:06:00 +0000] "GET /build/assets/ProtectedRoute-CIxBmR32.js HTTP/1.1" 200 4099 "-" "Mozilla/5.0 (Windows NT 10.0; Win64; x64) AppleWebKit/537.36 (KHTML, like Gecko) Chrome/140.0.0.0 Safari/537.36" "-"
172.18.0.1 - - [29/Sep/2025:23:06:00 +0000] "GET /build/assets/NavHeader-BNsMc09z.js HTTP/1.1" 200 1675 "-" "Mozilla/5.0 (Windows NT 10.0; Win64; x64) AppleWebKit/537.36 (KHTML, like Gecko) Chrome/140.0.0.0 Safari/537.36" "-"
172.18.0.1 - - [29/Sep/2025:23:06:00 +0000] "GET /build/assets/app-B3uhbGIo.css HTTP/1.1" 304 0 "http://localhost/dashboard" "Mozilla/5.0 (Windows NT 10.0; Win64; x64) AppleWebKit/537.36 (KHTML, like Gecko) Chrome/140.0.0.0 Safari/537.36" "-"
172.18.0.1 - - [29/Sep/2025:23:06:01 +0000] "GET /api/health HTTP/1.1" 200 95 "http://localhost/dashboard" "Mozilla/5.0 (Windows NT 10.0; Win64; x64) AppleWebKit/537.36 (KHTML, like Gecko) Chrome/140.0.0.0 Safari/537.36" "-"
172.18.0.1 - - [29/Sep/2025:23:06:01 +0000] "GET /api/v1/users?page=1&limit=5 HTTP/1.1" 200 773 "http://localhost/dashboard" "Mozilla/5.0 (Windows NT 10.0; Win64; x64) AppleWebKit/537.36 (KHTML, like Gecko) Chrome/140.0.0.0 Safari/537.36" "-"
172.18.0.1 - - [29/Sep/2025:23:06:02 +0000] "GET /.well-known/appspecific/com.chrome.devtools.json HTTP/1.1" 404 2299 "-" "Mozilla/5.0 (Windows NT 10.0; Win64; x64) AppleWebKit/537.36 (KHTML, like Gecko) Chrome/140.0.0.0 Safari/537.36" "-"
172.18.0.1 - - [29/Sep/2025:23:06:07 +0000] "GET /users HTTP/1.1" 200 235 "http://localhost/dashboard" "Mozilla/5.0 (Windows NT 10.0; Win64; x64) AppleWebKit/537.36 (KHTML, like Gecko) Chrome/140.0.0.0 Safari/537.36" "-"
172.18.0.1 - - [29/Sep/2025:23:06:07 +0000] "GET /build/assets/Index-BZYyABj-.js HTTP/1.1" 200 6211 "-" "Mozilla/5.0 (Windows NT 10.0; Win64; x64) AppleWebKit/537.36 (KHTML, like Gecko) Chrome/140.0.0.0 Safari/537.36" "-"
172.18.0.1 - - [29/Sep/2025:23:06:07 +0000] "GET /build/assets/useApi-Ca-cdaok.js HTTP/1.1" 200 1724 "-" "Mozilla/5.0 (Windows NT 10.0; Win64; x64) AppleWebKit/537.36 (KHTML, like Gecko) Chrome/140.0.0.0 Safari/537.36" "-"
172.18.0.1 - - [29/Sep/2025:23:06:07 +0000] "GET /api/v1/users?page=1&limit=10 HTTP/1.1" 200 773 "http://localhost/users" "Mozilla/5.0 (Windows NT 10.0; Win64; x64) AppleWebKit/537.36 (KHTML, like Gecko) Chrome/140.0.0.0 Safari/537.36" "-"
172.18.0.1 - - [29/Sep/2025:23:06:12 +0000] "GET /users/create HTTP/1.1" 200 251 "http://localhost/users" "Mozilla/5.0 (Windows NT 10.0; Win64; x64) AppleWebKit/537.36 (KHTML, like Gecko) Chrome/140.0.0.0 Safari/537.36" "-"
172.18.0.1 - - [29/Sep/2025:23:06:12 +0000] "GET /build/assets/Create-Bda-RrLX.js HTTP/1.1" 200 6874 "-" "Mozilla/5.0 (Windows NT 10.0; Win64; x64) AppleWebKit/537.36 (KHTML, like Gecko) Chrome/140.0.0.0 Safari/537.36" "-"
127.0.0.1 - - [29/Sep/2025:23:06:19 +0000] "GET / HTTP/1.1" 200 2408 "-" "curl/8.5.0" "-"
127.0.0.1 - - [29/Sep/2025:23:06:53 +0000] "GET / HTTP/1.1" 499 0 "-" "curl/8.5.0" "-"
172.18.0.1 - - [29/Sep/2025:23:06:57 +0000] "POST /api/v1/users HTTP/1.1" 200 433 "http://localhost/users/create" "Mozilla/5.0 (Windows NT 10.0; Win64; x64) AppleWebKit/537.36 (KHTML, like Gecko) Chrome/140.0.0.0 Safari/537.36" "-"
172.18.0.1 - - [29/Sep/2025:23:07:01 +0000] "GET /users HTTP/1.1" 200 239 "http://localhost/users/create" "Mozilla/5.0 (Windows NT 10.0; Win64; x64) AppleWebKit/537.36 (KHTML, like Gecko) Chrome/140.0.0.0 Safari/537.36" "-"
172.18.0.1 - - [29/Sep/2025:23:07:01 +0000] "GET /api/v1/users?page=1&limit=10 HTTP/1.1" 200 513 "http://localhost/users" "Mozilla/5.0 (Windows NT 10.0; Win64; x64) AppleWebKit/537.36 (KHTML, like Gecko) Chrome/140.0.0.0 Safari/537.36" "-"
172.18.0.1 - - [29/Sep/2025:23:07:06 +0000] "GET /users/4 HTTP/1.1" 200 293 "http://localhost/users" "Mozilla/5.0 (Windows NT 10.0; Win64; x64) AppleWebKit/537.36 (KHTML, like Gecko) Chrome/140.0.0.0 Safari/537.36" "-"
172.18.0.1 - - [29/Sep/2025:23:07:06 +0000] "GET /build/assets/Show-Bf8oSvA4.js HTTP/1.1" 200 6645 "-" "Mozilla/5.0 (Windows NT 10.0; Win64; x64) AppleWebKit/537.36 (KHTML, like Gecko) Chrome/140.0.0.0 Safari/537.36" "-"
172.18.0.1 - - [29/Sep/2025:23:07:06 +0000] "GET /api/v1/users/4 HTTP/1.1" 200 435 "http://localhost/users/4" "Mozilla/5.0 (Windows NT 10.0; Win64; x64) AppleWebKit/537.36 (KHTML, like Gecko) Chrome/140.0.0.0 Safari/537.36" "-"
127.0.0.1 - - [29/Sep/2025:23:07:24 +0000] "GET / HTTP/1.1" 200 2397 "-" "curl/8.5.0" "-"
127.0.0.1 - - [29/Sep/2025:23:07:57 +0000] "GET / HTTP/1.1" 200 2389 "-" "curl/8.5.0" "-"
127.0.0.1 - - [29/Sep/2025:23:08:30 +0000] "GET / HTTP/1.1" 499 0 "-" "curl/8.5.0" "-"
127.0.0.1 - - [29/Sep/2025:23:09:03 +0000] "GET / HTTP/1.1" 499 0 "-" "curl/8.5.0" "-"
172.18.0.1 - - [29/Sep/2025:23:09:34 +0000] "GET /users/undefined/edit HTTP/1.1" 200 274 "http://localhost/users/4" "Mozilla/5.0 (Windows NT 10.0; Win64; x64) AppleWebKit/537.36 (KHTML, like Gecko) Chrome/140.0.0.0 Safari/537.36" "-"
172.18.0.1 - - [29/Sep/2025:23:09:34 +0000] "GET /build/assets/Edit-D3L1juv1.js HTTP/1.1" 200 7331 "-" "Mozilla/5.0 (Windows NT 10.0; Win64; x64) AppleWebKit/537.36 (KHTML, like Gecko) Chrome/140.0.0.0 Safari/537.36" "-"
127.0.0.1 - - [29/Sep/2025:23:09:34 +0000] "GET / HTTP/1.1" 200 2409 "-" "curl/8.5.0" "-"
127.0.0.1 - - [29/Sep/2025:23:10:06 +0000] "GET / HTTP/1.1" 200 2402 "-" "curl/8.5.0" "-"
127.0.0.1 - - [29/Sep/2025:23:10:39 +0000] "GET / HTTP/1.1" 200 2399 "-" "curl/8.5.0" "-"
172.18.0.1 - - [29/Sep/2025:23:11:12 +0000] "GET /dashboard HTTP/1.1" 200 248 "http://localhost/users/undefined/edit" "Mozilla/5.0 (Windows NT 10.0; Win64; x64) AppleWebKit/537.36 (KHTML, like Gecko) Chrome/140.0.0.0 Safari/537.36" "-"
172.18.0.1 - - [29/Sep/2025:23:11:12 +0000] "GET /api/health HTTP/1.1" 200 95 "http://localhost/dashboard" "Mozilla/5.0 (Windows NT 10.0; Win64; x64) AppleWebKit/537.36 (KHTML, like Gecko) Chrome/140.0.0.0 Safari/537.36" "-"
172.18.0.1 - - [29/Sep/2025:23:11:12 +0000] "GET /api/v1/users?page=1&limit=5 HTTP/1.1" 200 513 "http://localhost/dashboard" "Mozilla/5.0 (Windows NT 10.0; Win64; x64) AppleWebKit/537.36 (KHTML, like Gecko) Chrome/140.0.0.0 Safari/537.36" "-"
127.0.0.1 - - [29/Sep/2025:23:11:12 +0000] "GET / HTTP/1.1" 200 2382 "-" "curl/8.5.0" "-"
172.18.0.1 - - [29/Sep/2025:23:11:42 +0000] "GET /api/health HTTP/1.1" 200 95 "http://localhost/dashboard" "Mozilla/5.0 (Windows NT 10.0; Win64; x64) AppleWebKit/537.36 (KHTML, like Gecko) Chrome/140.0.0.0 Safari/537.36" "-"
127.0.0.1 - - [29/Sep/2025:23:11:45 +0000] "GET / HTTP/1.1" 499 0 "-" "curl/8.5.0" "-"
172.18.0.1 - - [29/Sep/2025:23:12:12 +0000] "GET /api/health HTTP/1.1" 200 95 "http://localhost/dashboard" "Mozilla/5.0 (Windows NT 10.0; Win64; x64) AppleWebKit/537.36 (KHTML, like Gecko) Chrome/140.0.0.0 Safari/537.36" "-"
172.18.0.1 - - [29/Sep/2025:23:12:15 +0000] "GET /dashboard HTTP/1.1" 200 1024 "http://localhost/products/create" "Mozilla/5.0 (Windows NT 10.0; Win64; x64) AppleWebKit/537.36 (KHTML, like Gecko) Chrome/140.0.0.0 Safari/537.36" "-"
172.18.0.1 - - [29/Sep/2025:23:12:15 +0000] "GET /build/assets/app-B3uhbGIo.css HTTP/1.1" 200 93823 "http://localhost/dashboard" "Mozilla/5.0 (Windows NT 10.0; Win64; x64) AppleWebKit/537.36 (KHTML, like Gecko) Chrome/140.0.0.0 Safari/537.36" "-"
172.18.0.1 - - [29/Sep/2025:23:12:15 +0000] "GET /build/assets/app-CG0dqt93.js HTTP/1.1" 200 345241 "-" "Mozilla/5.0 (Windows NT 10.0; Win64; x64) AppleWebKit/537.36 (KHTML, like Gecko) Chrome/140.0.0.0 Safari/537.36" "-"
172.18.0.1 - - [29/Sep/2025:23:12:15 +0000] "GET /build/assets/dashboard-CLpVz7qr.js HTTP/1.1" 200 6364 "-" "Mozilla/5.0 (Windows NT 10.0; Win64; x64) AppleWebKit/537.36 (KHTML, like Gecko) Chrome/140.0.0.0 Safari/537.36" "-"
172.18.0.1 - - [29/Sep/2025:23:12:15 +0000] "GET /build/assets/ProtectedRoute-7uPDKdOP.js HTTP/1.1" 200 4099 "-" "Mozilla/5.0 (Windows NT 10.0; Win64; x64) AppleWebKit/537.36 (KHTML, like Gecko) Chrome/140.0.0.0 Safari/537.36" "-"
172.18.0.1 - - [29/Sep/2025:23:12:15 +0000] "GET /build/assets/NavHeader-C3rui8gf.js HTTP/1.1" 200 1675 "-" "Mozilla/5.0 (Windows NT 10.0; Win64; x64) AppleWebKit/537.36 (KHTML, like Gecko) Chrome/140.0.0.0 Safari/537.36" "-"
172.18.0.1 - - [29/Sep/2025:23:12:15 +0000] "GET /api/health HTTP/1.1" 200 95 "http://localhost/dashboard" "Mozilla/5.0 (Windows NT 10.0; Win64; x64) AppleWebKit/537.36 (KHTML, like Gecko) Chrome/140.0.0.0 Safari/537.36" "-"
172.18.0.1 - - [29/Sep/2025:23:12:15 +0000] "GET /api/v1/users?page=1&limit=5 HTTP/1.1" 200 513 "http://localhost/dashboard" "Mozilla/5.0 (Windows NT 10.0; Win64; x64) AppleWebKit/537.36 (KHTML, like Gecko) Chrome/140.0.0.0 Safari/537.36" "-"
172.18.0.1 - - [29/Sep/2025:23:12:15 +0000] "GET /.well-known/appspecific/com.chrome.devtools.json HTTP/1.1" 404 2299 "-" "Mozilla/5.0 (Windows NT 10.0; Win64; x64) AppleWebKit/537.36 (KHTML, like Gecko) Chrome/140.0.0.0 Safari/537.36" "-"
127.0.0.1 - - [29/Sep/2025:23:12:15 +0000] "GET / HTTP/1.1" 200 2382 "-" "curl/8.5.0" "-"
172.18.0.1 - - [29/Sep/2025:23:12:18 +0000] "GET /users HTTP/1.1" 200 265 "http://localhost/dashboard" "Mozilla/5.0 (Windows NT 10.0; Win64; x64) AppleWebKit/537.36 (KHTML, like Gecko) Chrome/140.0.0.0 Safari/537.36" "-"
172.18.0.1 - - [29/Sep/2025:23:12:18 +0000] "GET /build/assets/Index-BSgue05C.js HTTP/1.1" 200 6211 "-" "Mozilla/5.0 (Windows NT 10.0; Win64; x64) AppleWebKit/537.36 (KHTML, like Gecko) Chrome/140.0.0.0 Safari/537.36" "-"
172.18.0.1 - - [29/Sep/2025:23:12:18 +0000] "GET /build/assets/useApi-BmuvUdgc.js HTTP/1.1" 200 1724 "-" "Mozilla/5.0 (Windows NT 10.0; Win64; x64) AppleWebKit/537.36 (KHTML, like Gecko) Chrome/140.0.0.0 Safari/537.36" "-"
172.18.0.1 - - [29/Sep/2025:23:12:18 +0000] "GET /api/v1/users?page=1&limit=10 HTTP/1.1" 200 513 "http://localhost/users" "Mozilla/5.0 (Windows NT 10.0; Win64; x64) AppleWebKit/537.36 (KHTML, like Gecko) Chrome/140.0.0.0 Safari/537.36" "-"
172.18.0.1 - - [29/Sep/2025:23:12:22 +0000] "GET /users/4 HTTP/1.1" 200 272 "http://localhost/users" "Mozilla/5.0 (Windows NT 10.0; Win64; x64) AppleWebKit/537.36 (KHTML, like Gecko) Chrome/140.0.0.0 Safari/537.36" "-"
172.18.0.1 - - [29/Sep/2025:23:12:22 +0000] "GET /build/assets/Show-C9jA7JUX.js HTTP/1.1" 200 6497 "-" "Mozilla/5.0 (Windows NT 10.0; Win64; x64) AppleWebKit/537.36 (KHTML, like Gecko) Chrome/140.0.0.0 Safari/537.36" "-"
172.18.0.1 - - [29/Sep/2025:23:12:22 +0000] "GET /api/v1/users/4 HTTP/1.1" 200 435 "http://localhost/users/4" "Mozilla/5.0 (Windows NT 10.0; Win64; x64) AppleWebKit/537.36 (KHTML, like Gecko) Chrome/140.0.0.0 Safari/537.36" "-"
172.18.0.1 - - [29/Sep/2025:23:12:32 +0000] "GET /users HTTP/1.1" 200 250 "http://localhost/users/4" "Mozilla/5.0 (Windows NT 10.0; Win64; x64) AppleWebKit/537.36 (KHTML, like Gecko) Chrome/140.0.0.0 Safari/537.36" "-"
172.18.0.1 - - [29/Sep/2025:23:12:32 +0000] "GET /api/v1/users?page=1&limit=10 HTTP/1.1" 200 513 "http://localhost/users" "Mozilla/5.0 (Windows NT 10.0; Win64; x64) AppleWebKit/537.36 (KHTML, like Gecko) Chrome/140.0.0.0 Safari/537.36" "-"
172.18.0.1 - - [29/Sep/2025:23:12:37 +0000] "GET /users/1 HTTP/1.1" 200 246 "http://localhost/users" "Mozilla/5.0 (Windows NT 10.0; Win64; x64) AppleWebKit/537.36 (KHTML, like Gecko) Chrome/140.0.0.0 Safari/537.36" "-"
172.18.0.1 - - [29/Sep/2025:23:12:37 +0000] "GET /api/v1/users/1 HTTP/1.1" 200 425 "http://localhost/users/1" "Mozilla/5.0 (Windows NT 10.0; Win64; x64) AppleWebKit/537.36 (KHTML, like Gecko) Chrome/140.0.0.0 Safari/537.36" "-"
127.0.0.1 - - [29/Sep/2025:23:12:47 +0000] "GET / HTTP/1.1" 200 2384 "-" "curl/8.5.0" "-"
172.18.0.1 - - [29/Sep/2025:23:13:19 +0000] "GET /users/1/edit HTTP/1.1" 200 251 "http://localhost/users/1" "Mozilla/5.0 (Windows NT 10.0; Win64; x64) AppleWebKit/537.36 (KHTML, like Gecko) Chrome/140.0.0.0 Safari/537.36" "-"
172.18.0.1 - - [29/Sep/2025:23:13:19 +0000] "GET /build/assets/Edit-tCi3inKF.js HTTP/1.1" 200 7331 "-" "Mozilla/5.0 (Windows NT 10.0; Win64; x64) AppleWebKit/537.36 (KHTML, like Gecko) Chrome/140.0.0.0 Safari/537.36" "-"
172.18.0.1 - - [29/Sep/2025:23:13:19 +0000] "GET /api/v1/users/1 HTTP/1.1" 200 425 "http://localhost/users/1/edit" "Mozilla/5.0 (Windows NT 10.0; Win64; x64) AppleWebKit/537.36 (KHTML, like Gecko) Chrome/140.0.0.0 Safari/537.36" "-"
127.0.0.1 - - [29/Sep/2025:23:13:19 +0000] "GET / HTTP/1.1" 200 2386 "-" "curl/8.5.0" "-"
172.18.0.1 - - [29/Sep/2025:23:13:38 +0000] "GET /transactions HTTP/1.1" 200 251 "http://localhost/users/1/edit" "Mozilla/5.0 (Windows NT 10.0; Win64; x64) AppleWebKit/537.36 (KHTML, like Gecko) Chrome/140.0.0.0 Safari/537.36" "-"
172.18.0.1 - - [29/Sep/2025:23:13:38 +0000] "GET /build/assets/Index-BlBdNzQx.js HTTP/1.1" 200 6839 "-" "Mozilla/5.0 (Windows NT 10.0; Win64; x64) AppleWebKit/537.36 (KHTML, like Gecko) Chrome/140.0.0.0 Safari/537.36" "-"
172.18.0.1 - - [29/Sep/2025:23:13:38 +0000] "GET /api/v1/transactions?page=1&limit=10 HTTP/1.1" 200 611 "http://localhost/transactions" "Mozilla/5.0 (Windows NT 10.0; Win64; x64) AppleWebKit/537.36 (KHTML, like Gecko) Chrome/140.0.0.0 Safari/537.36" "-"
172.18.0.1 - - [29/Sep/2025:23:13:41 +0000] "GET /transactions/20/edit HTTP/1.1" 200 273 "http://localhost/transactions" "Mozilla/5.0 (Windows NT 10.0; Win64; x64) AppleWebKit/537.36 (KHTML, like Gecko) Chrome/140.0.0.0 Safari/537.36" "-"
127.0.0.1 - - [29/Sep/2025:23:13:52 +0000] "GET / HTTP/1.1" 200 2447 "-" "curl/8.5.0" "-"
172.18.0.1 - - [29/Sep/2025:23:14:01 +0000] "GET /transactions/20/edit HTTP/1.1" 200 243 "http://localhost/transactions" "Mozilla/5.0 (Windows NT 10.0; Win64; x64) AppleWebKit/537.36 (KHTML, like Gecko) Chrome/140.0.0.0 Safari/537.36" "-"
172.18.0.1 - - [29/Sep/2025:23:14:06 +0000] "GET /transactions/19/edit HTTP/1.1" 200 262 "http://localhost/transactions" "Mozilla/5.0 (Windows NT 10.0; Win64; x64) AppleWebKit/537.36 (KHTML, like Gecko) Chrome/140.0.0.0 Safari/537.36" "-"
127.0.0.1 - - [29/Sep/2025:23:14:24 +0000] "GET / HTTP/1.1" 200 2409 "-" "curl/8.5.0" "-"
172.18.0.1 - - [29/Sep/2025:23:14:39 +0000] "GET /products HTTP/1.1" 200 240 "http://localhost/transactions" "Mozilla/5.0 (Windows NT 10.0; Win64; x64) AppleWebKit/537.36 (KHTML, like Gecko) Chrome/140.0.0.0 Safari/537.36" "-"
172.18.0.1 - - [29/Sep/2025:23:14:39 +0000] "GET /build/assets/Index-DsJ-kPlH.js HTTP/1.1" 200 6844 "-" "Mozilla/5.0 (Windows NT 10.0; Win64; x64) AppleWebKit/537.36 (KHTML, like Gecko) Chrome/140.0.0.0 Safari/537.36" "-"
172.18.0.1 - - [29/Sep/2025:23:14:39 +0000] "GET /api/v1/products?page=1&limit=10 HTTP/1.1" 200 592 "http://localhost/products" "Mozilla/5.0 (Windows NT 10.0; Win64; x64) AppleWebKit/537.36 (KHTML, like Gecko) Chrome/140.0.0.0 Safari/537.36" "-"
172.18.0.1 - - [29/Sep/2025:23:14:39 +0000] "GET /uploads/Search-Domain-2-1759165906871-984713144.png HTTP/1.1" 404 190 "http://localhost/products" "Mozilla/5.0 (Windows NT 10.0; Win64; x64) AppleWebKit/537.36 (KHTML, like Gecko) Chrome/140.0.0.0 Safari/537.36" "-"
172.18.0.1 - - [29/Sep/2025:23:14:39 +0000] "GET /uploads/Search-Domain-2-1759165837819-257723119.png HTTP/1.1" 404 190 "http://localhost/products" "Mozilla/5.0 (Windows NT 10.0; Win64; x64) AppleWebKit/537.36 (KHTML, like Gecko) Chrome/140.0.0.0 Safari/537.36" "-"
172.18.0.1 - - [29/Sep/2025:23:14:43 +0000] "GET /products/7/edit HTTP/1.1" 200 263 "http://localhost/products" "Mozilla/5.0 (Windows NT 10.0; Win64; x64) AppleWebKit/537.36 (KHTML, like Gecko) Chrome/140.0.0.0 Safari/537.36" "-"
172.18.0.1 - - [29/Sep/2025:23:14:43 +0000] "GET /build/assets/Edit-2PR_btTc.js HTTP/1.1" 200 6319 "-" "Mozilla/5.0 (Windows NT 10.0; Win64; x64) AppleWebKit/537.36 (KHTML, like Gecko) Chrome/140.0.0.0 Safari/537.36" "-"
172.18.0.1 - - [29/Sep/2025:23:14:43 +0000] "GET /api/v1/categories?page=1&limit=100 HTTP/1.1" 200 783 "http://localhost/products/7/edit" "Mozilla/5.0 (Windows NT 10.0; Win64; x64) AppleWebKit/537.36 (KHTML, like Gecko) Chrome/140.0.0.0 Safari/537.36" "-"
172.18.0.1 - - [29/Sep/2025:23:14:43 +0000] "GET /api/v1/products/7 HTTP/1.1" 200 472 "http://localhost/products/7/edit" "Mozilla/5.0 (Windows NT 10.0; Win64; x64) AppleWebKit/537.36 (KHTML, like Gecko) Chrome/140.0.0.0 Safari/537.36" "-"
172.18.0.1 - - [29/Sep/2025:23:14:49 +0000] "PUT /api/v1/products/7 HTTP/1.1" 500 138 "http://localhost/products/7/edit" "Mozilla/5.0 (Windows NT 10.0; Win64; x64) AppleWebKit/537.36 (KHTML, like Gecko) Chrome/140.0.0.0 Safari/537.36" "-"
127.0.0.1 - - [29/Sep/2025:23:14:56 +0000] "GET / HTTP/1.1" 200 2387 "-" "curl/8.5.0" "-"
127.0.0.1 - - [29/Sep/2025:23:15:28 +0000] "GET / HTTP/1.1" 200 2409 "-" "curl/8.5.0" "-"
172.18.0.1 - - [29/Sep/2025:23:15:59 +0000] "GET /products/7/edit HTTP/1.1" 200 1069 "http://localhost/products/create" "Mozilla/5.0 (Windows NT 10.0; Win64; x64) AppleWebKit/537.36 (KHTML, like Gecko) Chrome/140.0.0.0 Safari/537.36" "-"
127.0.0.1 - - [29/Sep/2025:23:15:59 +0000] "GET / HTTP/1.1" 200 2393 "-" "curl/8.5.0" "-"
172.18.0.1 - - [29/Sep/2025:23:15:59 +0000] "GET /build/assets/app-B3uhbGIo.css HTTP/1.1" 304 0 "http://localhost/products/7/edit" "Mozilla/5.0 (Windows NT 10.0; Win64; x64) AppleWebKit/537.36 (KHTML, like Gecko) Chrome/140.0.0.0 Safari/537.36" "-"
172.18.0.1 - - [29/Sep/2025:23:15:59 +0000] "GET /build/assets/NavHeader-C3rui8gf.js HTTP/1.1" 304 0 "-" "Mozilla/5.0 (Windows NT 10.0; Win64; x64) AppleWebKit/537.36 (KHTML, like Gecko) Chrome/140.0.0.0 Safari/537.36" "-"
172.18.0.1 - - [29/Sep/2025:23:15:59 +0000] "GET /build/assets/app-CG0dqt93.js HTTP/1.1" 304 0 "-" "Mozilla/5.0 (Windows NT 10.0; Win64; x64) AppleWebKit/537.36 (KHTML, like Gecko) Chrome/140.0.0.0 Safari/537.36" "-"
172.18.0.1 - - [29/Sep/2025:23:15:59 +0000] "GET /build/assets/Edit-2PR_btTc.js HTTP/1.1" 304 0 "-" "Mozilla/5.0 (Windows NT 10.0; Win64; x64) AppleWebKit/537.36 (KHTML, like Gecko) Chrome/140.0.0.0 Safari/537.36" "-"
172.18.0.1 - - [29/Sep/2025:23:15:59 +0000] "GET /build/assets/ProtectedRoute-7uPDKdOP.js HTTP/1.1" 304 0 "-" "Mozilla/5.0 (Windows NT 10.0; Win64; x64) AppleWebKit/537.36 (KHTML, like Gecko) Chrome/140.0.0.0 Safari/537.36" "-"
172.18.0.1 - - [29/Sep/2025:23:15:59 +0000] "GET /build/assets/useApi-BmuvUdgc.js HTTP/1.1" 304 0 "-" "Mozilla/5.0 (Windows NT 10.0; Win64; x64) AppleWebKit/537.36 (KHTML, like Gecko) Chrome/140.0.0.0 Safari/537.36" "-"
172.18.0.1 - - [29/Sep/2025:23:16:00 +0000] "GET /api/v1/categories?page=1&limit=100 HTTP/1.1" 200 783 "http://localhost/products/7/edit" "Mozilla/5.0 (Windows NT 10.0; Win64; x64) AppleWebKit/537.36 (KHTML, like Gecko) Chrome/140.0.0.0 Safari/537.36" "-"
172.18.0.1 - - [29/Sep/2025:23:16:00 +0000] "GET /api/v1/products/7 HTTP/1.1" 200 476 "http://localhost/products/7/edit" "Mozilla/5.0 (Windows NT 10.0; Win64; x64) AppleWebKit/537.36 (KHTML, like Gecko) Chrome/140.0.0.0 Safari/537.36" "-"
172.18.0.1 - - [29/Sep/2025:23:16:00 +0000] "GET /.well-known/appspecific/com.chrome.devtools.json HTTP/1.1" 404 2299 "-" "Mozilla/5.0 (Windows NT 10.0; Win64; x64) AppleWebKit/537.36 (KHTML, like Gecko) Chrome/140.0.0.0 Safari/537.36" "-"
172.18.0.1 - - [29/Sep/2025:23:16:09 +0000] "PUT /api/v1/products/7 HTTP/1.1" 500 138 "http://localhost/products/7/edit" "Mozilla/5.0 (Windows NT 10.0; Win64; x64) AppleWebKit/537.36 (KHTML, like Gecko) Chrome/140.0.0.0 Safari/537.36" "-"
127.0.0.1 - - [29/Sep/2025:23:16:32 +0000] "GET / HTTP/1.1" 499 0 "-" "curl/8.5.0" "-"
127.0.0.1 - - [29/Sep/2025:23:17:06 +0000] "GET / HTTP/1.1" 499 0 "-" "curl/8.5.0" "-"
127.0.0.1 - - [29/Sep/2025:23:17:39 +0000] "GET / HTTP/1.1" 499 0 "-" "curl/8.5.0" "-"
172.18.0.1 - - [29/Sep/2025:23:17:49 +0000] "GET /products HTTP/1.1" 200 268 "http://localhost/products/7/edit" "Mozilla/5.0 (Windows NT 10.0; Win64; x64) AppleWebKit/537.36 (KHTML, like Gecko) Chrome/140.0.0.0 Safari/537.36" "-"
172.18.0.1 - - [29/Sep/2025:23:17:49 +0000] "GET /build/assets/Index-DsJ-kPlH.js HTTP/1.1" 304 0 "-" "Mozilla/5.0 (Windows NT 10.0; Win64; x64) AppleWebKit/537.36 (KHTML, like Gecko) Chrome/140.0.0.0 Safari/537.36" "-"
172.18.0.1 - - [29/Sep/2025:23:17:49 +0000] "GET /api/v1/products?page=1&limit=10 HTTP/1.1" 200 575 "http://localhost/products" "Mozilla/5.0 (Windows NT 10.0; Win64; x64) AppleWebKit/537.36 (KHTML, like Gecko) Chrome/140.0.0.0 Safari/537.36" "-"
172.18.0.1 - - [29/Sep/2025:23:17:49 +0000] "GET /uploads/Search-Domain-2-1759165906871-984713144.png HTTP/1.1" 404 190 "http://localhost/products" "Mozilla/5.0 (Windows NT 10.0; Win64; x64) AppleWebKit/537.36 (KHTML, like Gecko) Chrome/140.0.0.0 Safari/537.36" "-"
172.18.0.1 - - [29/Sep/2025:23:17:49 +0000] "GET /uploads/IMG-20250925-WA0026-1759187731159-436978921.jpg HTTP/1.1" 200 104440 "http://localhost/products" "Mozilla/5.0 (Windows NT 10.0; Win64; x64) AppleWebKit/537.36 (KHTML, like Gecko) Chrome/140.0.0.0 Safari/537.36" "-"
172.18.0.1 - - [29/Sep/2025:23:17:49 +0000] "GET /uploads/Search-Domain-2-1759165837819-257723119.png HTTP/1.1" 404 190 "http://localhost/products" "Mozilla/5.0 (Windows NT 10.0; Win64; x64) AppleWebKit/537.36 (KHTML, like Gecko) Chrome/140.0.0.0 Safari/537.36" "-"
127.0.0.1 - - [29/Sep/2025:23:18:12 +0000] "GET / HTTP/1.1" 499 0 "-" "curl/8.5.0" "-"
127.0.0.1 - - [29/Sep/2025:23:18:44 +0000] "GET / HTTP/1.1" 200 2372 "-" "curl/8.5.0" "-"
127.0.0.1 - - [29/Sep/2025:23:19:17 +0000] "GET / HTTP/1.1" 499 0 "-" "curl/8.5.0" "-"
172.18.0.1 - - [29/Sep/2025:23:19:26 +0000] "GET /products/7 HTTP/1.1" 200 281 "http://localhost/products" "Mozilla/5.0 (Windows NT 10.0; Win64; x64) AppleWebKit/537.36 (KHTML, like Gecko) Chrome/140.0.0.0 Safari/537.36" "-"
172.18.0.1 - - [29/Sep/2025:23:19:26 +0000] "GET /build/assets/Show-DqHkHcqt.js HTTP/1.1" 200 5983 "-" "Mozilla/5.0 (Windows NT 10.0; Win64; x64) AppleWebKit/537.36 (KHTML, like Gecko) Chrome/140.0.0.0 Safari/537.36" "-"
172.18.0.1 - - [29/Sep/2025:23:19:26 +0000] "GET /api/v1/products/7 HTTP/1.1" 200 476 "http://localhost/products/7" "Mozilla/5.0 (Windows NT 10.0; Win64; x64) AppleWebKit/537.36 (KHTML, like Gecko) Chrome/140.0.0.0 Safari/537.36" "-"
172.18.0.1 - - [29/Sep/2025:23:19:35 +0000] "GET /api/v1/products?page=1&limit=10 HTTP/1.1" 200 575 "http://localhost/products" "Mozilla/5.0 (Windows NT 10.0; Win64; x64) AppleWebKit/537.36 (KHTML, like Gecko) Chrome/140.0.0.0 Safari/537.36" "-"
172.18.0.1 - - [29/Sep/2025:23:19:35 +0000] "GET /uploads/Search-Domain-2-1759165906871-984713144.png HTTP/1.1" 404 190 "http://localhost/products" "Mozilla/5.0 (Windows NT 10.0; Win64; x64) AppleWebKit/537.36 (KHTML, like Gecko) Chrome/140.0.0.0 Safari/537.36" "-"
172.18.0.1 - - [29/Sep/2025:23:19:35 +0000] "GET /uploads/Search-Domain-2-1759165837819-257723119.png HTTP/1.1" 404 190 "http://localhost/products" "Mozilla/5.0 (Windows NT 10.0; Win64; x64) AppleWebKit/537.36 (KHTML, like Gecko) Chrome/140.0.0.0 Safari/537.36" "-"
127.0.0.1 - - [29/Sep/2025:23:19:50 +0000] "GET / HTTP/1.1" 499 0 "-" "curl/8.5.0" "-"
172.18.0.1 - - [29/Sep/2025:23:20:14 +0000] "GET /login HTTP/1.1" 200 1014 "http://localhost/products" "Mozilla/5.0 (Windows NT 10.0; Win64; x64) AppleWebKit/537.36 (KHTML, like Gecko) Chrome/140.0.0.0 Safari/537.36" "-"
172.18.0.1 - - [29/Sep/2025:23:20:15 +0000] "GET /login HTTP/1.1" 499 0 "http://localhost/products" "Mozilla/5.0 (Windows NT 10.0; Win64; x64) AppleWebKit/537.36 (KHTML, like Gecko) Chrome/140.0.0.0 Safari/537.36" "-"
172.18.0.1 - - [29/Sep/2025:23:20:15 +0000] "GET /build/assets/app-B3uhbGIo.css HTTP/1.1" 304 0 "http://localhost/login" "Mozilla/5.0 (Windows NT 10.0; Win64; x64) AppleWebKit/537.36 (KHTML, like Gecko) Chrome/140.0.0.0 Safari/537.36" "-"
172.18.0.1 - - [29/Sep/2025:23:20:15 +0000] "GET /build/assets/app-CG0dqt93.js HTTP/1.1" 304 0 "-" "Mozilla/5.0 (Windows NT 10.0; Win64; x64) AppleWebKit/537.36 (KHTML, like Gecko) Chrome/140.0.0.0 Safari/537.36" "-"
172.18.0.1 - - [29/Sep/2025:23:20:15 +0000] "GET /build/assets/login-DpQFHUzY.js HTTP/1.1" 200 3315 "-" "Mozilla/5.0 (Windows NT 10.0; Win64; x64) AppleWebKit/537.36 (KHTML, like Gecko) Chrome/140.0.0.0 Safari/537.36" "-"
172.18.0.1 - - [29/Sep/2025:23:20:17 +0000] "GET /.well-known/appspecific/com.chrome.devtools.json HTTP/1.1" 404 2299 "-" "Mozilla/5.0 (Windows NT 10.0; Win64; x64) AppleWebKit/537.36 (KHTML, like Gecko) Chrome/140.0.0.0 Safari/537.36" "-"
127.0.0.1 - - [29/Sep/2025:23:20:23 +0000] "GET / HTTP/1.1" 200 2399 "-" "curl/8.5.0" "-"
172.18.0.1 - - [29/Sep/2025:23:20:29 +0000] "GET /dashboard HTTP/1.1" 200 253 "http://localhost/login" "Mozilla/5.0 (Windows NT 10.0; Win64; x64) AppleWebKit/537.36 (KHTML, like Gecko) Chrome/140.0.0.0 Safari/537.36" "-"
172.18.0.1 - - [29/Sep/2025:23:20:29 +0000] "GET /build/assets/dashboard-CLpVz7qr.js HTTP/1.1" 304 0 "-" "Mozilla/5.0 (Windows NT 10.0; Win64; x64) AppleWebKit/537.36 (KHTML, like Gecko) Chrome/140.0.0.0 Safari/537.36" "-"
172.18.0.1 - - [29/Sep/2025:23:20:29 +0000] "GET /build/assets/ProtectedRoute-7uPDKdOP.js HTTP/1.1" 304 0 "-" "Mozilla/5.0 (Windows NT 10.0; Win64; x64) AppleWebKit/537.36 (KHTML, like Gecko) Chrome/140.0.0.0 Safari/537.36" "-"
172.18.0.1 - - [29/Sep/2025:23:20:29 +0000] "GET /build/assets/NavHeader-C3rui8gf.js HTTP/1.1" 304 0 "-" "Mozilla/5.0 (Windows NT 10.0; Win64; x64) AppleWebKit/537.36 (KHTML, like Gecko) Chrome/140.0.0.0 Safari/537.36" "-"
172.18.0.1 - - [29/Sep/2025:23:20:29 +0000] "GET /api/health HTTP/1.1" 200 95 "http://localhost/dashboard" "Mozilla/5.0 (Windows NT 10.0; Win64; x64) AppleWebKit/537.36 (KHTML, like Gecko) Chrome/140.0.0.0 Safari/537.36" "-"
172.18.0.1 - - [29/Sep/2025:23:20:29 +0000] "GET /api/v1/users?page=1&limit=5 HTTP/1.1" 200 513 "http://localhost/dashboard" "Mozilla/5.0 (Windows NT 10.0; Win64; x64) AppleWebKit/537.36 (KHTML, like Gecko) Chrome/140.0.0.0 Safari/537.36" "-"
127.0.0.1 - - [29/Sep/2025:23:20:55 +0000] "GET / HTTP/1.1" 200 2390 "-" "curl/8.5.0" "-"
172.18.0.1 - - [29/Sep/2025:23:20:59 +0000] "GET /api/health HTTP/1.1" 200 95 "http://localhost/dashboard" "Mozilla/5.0 (Windows NT 10.0; Win64; x64) AppleWebKit/537.36 (KHTML, like Gecko) Chrome/140.0.0.0 Safari/537.36" "-"
127.0.0.1 - - [29/Sep/2025:23:21:28 +0000] "GET / HTTP/1.1" 499 0 "-" "curl/8.5.0" "-"
172.18.0.1 - - [29/Sep/2025:23:21:29 +0000] "GET /api/health HTTP/1.1" 200 95 "http://localhost/dashboard" "Mozilla/5.0 (Windows NT 10.0; Win64; x64) AppleWebKit/537.36 (KHTML, like Gecko) Chrome/140.0.0.0 Safari/537.36" "-"
172.18.0.1 - - [29/Sep/2025:23:21:59 +0000] "GET /api/health HTTP/1.1" 200 95 "http://localhost/dashboard" "Mozilla/5.0 (Windows NT 10.0; Win64; x64) AppleWebKit/537.36 (KHTML, like Gecko) Chrome/140.0.0.0 Safari/537.36" "-"
127.0.0.1 - - [29/Sep/2025:23:22:01 +0000] "GET / HTTP/1.1" 499 0 "-" "curl/8.5.0" "-"
172.18.0.1 - - [29/Sep/2025:23:22:29 +0000] "GET /api/health HTTP/1.1" 200 95 "http://localhost/dashboard" "Mozilla/5.0 (Windows NT 10.0; Win64; x64) AppleWebKit/537.36 (KHTML, like Gecko) Chrome/140.0.0.0 Safari/537.36" "-"
127.0.0.1 - - [29/Sep/2025:23:22:35 +0000] "GET / HTTP/1.1" 499 0 "-" "curl/8.5.0" "-"
172.18.0.1 - - [29/Sep/2025:23:22:59 +0000] "GET /api/health HTTP/1.1" 200 95 "http://localhost/dashboard" "Mozilla/5.0 (Windows NT 10.0; Win64; x64) AppleWebKit/537.36 (KHTML, like Gecko) Chrome/140.0.0.0 Safari/537.36" "-"
127.0.0.1 - - [29/Sep/2025:23:23:07 +0000] "GET / HTTP/1.1" 200 2383 "-" "curl/8.5.0" "-"
172.18.0.1 - - [29/Sep/2025:23:23:29 +0000] "GET /api/health HTTP/1.1" 200 95 "http://localhost/dashboard" "Mozilla/5.0 (Windows NT 10.0; Win64; x64) AppleWebKit/537.36 (KHTML, like Gecko) Chrome/140.0.0.0 Safari/537.36" "-"
127.0.0.1 - - [29/Sep/2025:23:23:40 +0000] "GET / HTTP/1.1" 200 2370 "-" "curl/8.5.0" "-"
172.18.0.1 - - [29/Sep/2025:23:23:58 +0000] "GET /products HTTP/1.1" 409 0 "http://localhost/dashboard" "Mozilla/5.0 (Windows NT 10.0; Win64; x64) AppleWebKit/537.36 (KHTML, like Gecko) Chrome/140.0.0.0 Safari/537.36" "-"
172.18.0.1 - - [29/Sep/2025:23:23:59 +0000] "GET /api/health HTTP/1.1" 200 95 "http://localhost/dashboard" "Mozilla/5.0 (Windows NT 10.0; Win64; x64) AppleWebKit/537.36 (KHTML, like Gecko) Chrome/140.0.0.0 Safari/537.36" "-"
172.18.0.1 - - [29/Sep/2025:23:23:59 +0000] "GET /products HTTP/1.1" 200 1024 "http://localhost/dashboard" "Mozilla/5.0 (Windows NT 10.0; Win64; x64) AppleWebKit/537.36 (KHTML, like Gecko) Chrome/140.0.0.0 Safari/537.36" "-"
172.18.0.1 - - [29/Sep/2025:23:23:59 +0000] "GET /build/assets/app-D9R0j-47.css HTTP/1.1" 200 94786 "http://localhost/products" "Mozilla/5.0 (Windows NT 10.0; Win64; x64) AppleWebKit/537.36 (KHTML, like Gecko) Chrome/140.0.0.0 Safari/537.36" "-"
172.18.0.1 - - [29/Sep/2025:23:23:59 +0000] "GET /build/assets/NavHeader-CxHXGUxK.js HTTP/1.1" 200 1675 "-" "Mozilla/5.0 (Windows NT 10.0; Win64; x64) AppleWebKit/537.36 (KHTML, like Gecko) Chrome/140.0.0.0 Safari/537.36" "-"
172.18.0.1 - - [29/Sep/2025:23:23:59 +0000] "GET /build/assets/app-4dyqG3dF.js HTTP/1.1" 200 345241 "-" "Mozilla/5.0 (Windows NT 10.0; Win64; x64) AppleWebKit/537.36 (KHTML, like Gecko) Chrome/140.0.0.0 Safari/537.36" "-"
172.18.0.1 - - [29/Sep/2025:23:23:59 +0000] "GET /build/assets/Index-D_r_0D6y.js HTTP/1.1" 200 6844 "-" "Mozilla/5.0 (Windows NT 10.0; Win64; x64) AppleWebKit/537.36 (KHTML, like Gecko) Chrome/140.0.0.0 Safari/537.36" "-"
172.18.0.1 - - [29/Sep/2025:23:23:59 +0000] "GET /build/assets/useApi-Dd_4HER2.js HTTP/1.1" 200 1724 "-" "Mozilla/5.0 (Windows NT 10.0; Win64; x64) AppleWebKit/537.36 (KHTML, like Gecko) Chrome/140.0.0.0 Safari/537.36" "-"
172.18.0.1 - - [29/Sep/2025:23:23:59 +0000] "GET /build/assets/ProtectedRoute-JMSf1drH.js HTTP/1.1" 200 4099 "-" "Mozilla/5.0 (Windows NT 10.0; Win64; x64) AppleWebKit/537.36 (KHTML, like Gecko) Chrome/140.0.0.0 Safari/537.36" "-"
172.18.0.1 - - [29/Sep/2025:23:23:59 +0000] "GET /api/v1/products?page=1&limit=10 HTTP/1.1" 200 575 "http://localhost/products" "Mozilla/5.0 (Windows NT 10.0; Win64; x64) AppleWebKit/537.36 (KHTML, like Gecko) Chrome/140.0.0.0 Safari/537.36" "-"
172.18.0.1 - - [29/Sep/2025:23:23:59 +0000] "GET /uploads/Search-Domain-2-1759165906871-984713144.png HTTP/1.1" 404 190 "http://localhost/products" "Mozilla/5.0 (Windows NT 10.0; Win64; x64) AppleWebKit/537.36 (KHTML, like Gecko) Chrome/140.0.0.0 Safari/537.36" "-"
172.18.0.1 - - [29/Sep/2025:23:23:59 +0000] "GET /uploads/Search-Domain-2-1759165837819-257723119.png HTTP/1.1" 404 190 "http://localhost/products" "Mozilla/5.0 (Windows NT 10.0; Win64; x64) AppleWebKit/537.36 (KHTML, like Gecko) Chrome/140.0.0.0 Safari/537.36" "-"
172.18.0.1 - - [29/Sep/2025:23:23:59 +0000] "GET /.well-known/appspecific/com.chrome.devtools.json HTTP/1.1" 404 2299 "-" "Mozilla/5.0 (Windows NT 10.0; Win64; x64) AppleWebKit/537.36 (KHTML, like Gecko) Chrome/140.0.0.0 Safari/537.36" "-"
172.18.0.1 - - [29/Sep/2025:23:24:03 +0000] "GET /products/7/edit HTTP/1.1" 200 249 "http://localhost/products" "Mozilla/5.0 (Windows NT 10.0; Win64; x64) AppleWebKit/537.36 (KHTML, like Gecko) Chrome/140.0.0.0 Safari/537.36" "-"
172.18.0.1 - - [29/Sep/2025:23:24:03 +0000] "GET /build/assets/Edit-BNkHirBX.js HTTP/1.1" 200 8734 "-" "Mozilla/5.0 (Windows NT 10.0; Win64; x64) AppleWebKit/537.36 (KHTML, like Gecko) Chrome/140.0.0.0 Safari/537.36" "-"
172.18.0.1 - - [29/Sep/2025:23:24:03 +0000] "GET /api/v1/categories?page=1&limit=100 HTTP/1.1" 200 783 "http://localhost/products/7/edit" "Mozilla/5.0 (Windows NT 10.0; Win64; x64) AppleWebKit/537.36 (KHTML, like Gecko) Chrome/140.0.0.0 Safari/537.36" "-"
172.18.0.1 - - [29/Sep/2025:23:24:03 +0000] "GET /api/v1/products/7 HTTP/1.1" 200 476 "http://localhost/products/7/edit" "Mozilla/5.0 (Windows NT 10.0; Win64; x64) AppleWebKit/537.36 (KHTML, like Gecko) Chrome/140.0.0.0 Safari/537.36" "-"
172.18.0.1 - - [29/Sep/2025:23:24:10 +0000] "PUT /api/v1/products/7 HTTP/1.1" 500 138 "http://localhost/products/7/edit" "Mozilla/5.0 (Windows NT 10.0; Win64; x64) AppleWebKit/537.36 (KHTML, like Gecko) Chrome/140.0.0.0 Safari/537.36" "-"
127.0.0.1 - - [29/Sep/2025:23:24:13 +0000] "GET / HTTP/1.1" 499 0 "-" "curl/8.5.0" "-"
172.18.0.1 - - [29/Sep/2025:23:24:31 +0000] "PUT /api/v1/products/7 HTTP/1.1" 200 468 "http://localhost/products/7/edit" "Mozilla/5.0 (Windows NT 10.0; Win64; x64) AppleWebKit/537.36 (KHTML, like Gecko) Chrome/140.0.0.0 Safari/537.36" "-"
172.18.0.1 - - [29/Sep/2025:23:24:36 +0000] "GET /products HTTP/1.1" 200 269 "http://localhost/products/7/edit" "Mozilla/5.0 (Windows NT 10.0; Win64; x64) AppleWebKit/537.36 (KHTML, like Gecko) Chrome/140.0.0.0 Safari/537.36" "-"
172.18.0.1 - - [29/Sep/2025:23:24:36 +0000] "GET /api/v1/products?page=1&limit=10 HTTP/1.1" 200 557 "http://localhost/products" "Mozilla/5.0 (Windows NT 10.0; Win64; x64) AppleWebKit/537.36 (KHTML, like Gecko) Chrome/140.0.0.0 Safari/537.36" "-"
172.18.0.1 - - [29/Sep/2025:23:24:36 +0000] "GET /uploads/Search-Domain-2-1759165906871-984713144.png HTTP/1.1" 404 190 "http://localhost/products" "Mozilla/5.0 (Windows NT 10.0; Win64; x64) AppleWebKit/537.36 (KHTML, like Gecko) Chrome/140.0.0.0 Safari/537.36" "-"
172.18.0.1 - - [29/Sep/2025:23:24:36 +0000] "GET /uploads/Search-Domain-2-1759165837819-257723119.png HTTP/1.1" 404 190 "http://localhost/products" "Mozilla/5.0 (Windows NT 10.0; Win64; x64) AppleWebKit/537.36 (KHTML, like Gecko) Chrome/140.0.0.0 Safari/537.36" "-"
172.18.0.1 - - [29/Sep/2025:23:24:36 +0000] "GET /uploads/81421734_9901725-1759188271262-315241644.jpg HTTP/1.1" 200 527474 "http://localhost/products" "Mozilla/5.0 (Windows NT 10.0; Win64; x64) AppleWebKit/537.36 (KHTML, like Gecko) Chrome/140.0.0.0 Safari/537.36" "-"
172.18.0.1 - - [29/Sep/2025:23:24:43 +0000] "GET /products/7/edit HTTP/1.1" 200 259 "http://localhost/products" "Mozilla/5.0 (Windows NT 10.0; Win64; x64) AppleWebKit/537.36 (KHTML, like Gecko) Chrome/140.0.0.0 Safari/537.36" "-"
172.18.0.1 - - [29/Sep/2025:23:24:43 +0000] "GET /api/v1/categories?page=1&limit=100 HTTP/1.1" 200 783 "http://localhost/products/7/edit" "Mozilla/5.0 (Windows NT 10.0; Win64; x64) AppleWebKit/537.36 (KHTML, like Gecko) Chrome/140.0.0.0 Safari/537.36" "-"
172.18.0.1 - - [29/Sep/2025:23:24:43 +0000] "GET /api/v1/products/7 HTTP/1.1" 200 470 "http://localhost/products/7/edit" "Mozilla/5.0 (Windows NT 10.0; Win64; x64) AppleWebKit/537.36 (KHTML, like Gecko) Chrome/140.0.0.0 Safari/537.36" "-"
127.0.0.1 - - [29/Sep/2025:23:24:45 +0000] "GET / HTTP/1.1" 200 2393 "-" "curl/8.5.0" "-"
172.18.0.1 - - [29/Sep/2025:23:24:46 +0000] "PUT /api/v1/products/7 HTTP/1.1" 500 138 "http://localhost/products/7/edit" "Mozilla/5.0 (Windows NT 10.0; Win64; x64) AppleWebKit/537.36 (KHTML, like Gecko) Chrome/140.0.0.0 Safari/537.36" "-"
127.0.0.1 - - [29/Sep/2025:23:25:17 +0000] "GET / HTTP/1.1" 200 2409 "-" "curl/8.5.0" "-"
127.0.0.1 - - [29/Sep/2025:23:25:49 +0000] "GET / HTTP/1.1" 200 2372 "-" "curl/8.5.0" "-"
127.0.0.1 - - [29/Sep/2025:23:26:22 +0000] "GET / HTTP/1.1" 499 0 "-" "curl/8.5.0" "-"
127.0.0.1 - - [29/Sep/2025:23:26:55 +0000] "GET / HTTP/1.1" 499 0 "-" "curl/8.5.0" "-"
127.0.0.1 - - [29/Sep/2025:23:27:28 +0000] "GET / HTTP/1.1" 499 0 "-" "curl/8.5.0" "-"
127.0.0.1 - - [29/Sep/2025:23:28:00 +0000] "GET / HTTP/1.1" 200 2381 "-" "curl/8.5.0" "-"
127.0.0.1 - - [29/Sep/2025:23:28:33 +0000] "GET / HTTP/1.1" 200 2424 "-" "curl/8.5.0" "-"
127.0.0.1 - - [29/Sep/2025:23:29:05 +0000] "GET / HTTP/1.1" 200 2381 "-" "curl/8.5.0" "-"
127.0.0.1 - - [29/Sep/2025:23:29:38 +0000] "GET / HTTP/1.1" 499 0 "-" "curl/8.5.0" "-"
127.0.0.1 - - [29/Sep/2025:23:30:11 +0000] "GET / HTTP/1.1" 499 0 "-" "curl/8.5.0" "-"
127.0.0.1 - - [29/Sep/2025:23:30:44 +0000] "GET / HTTP/1.1" 499 0 "-" "curl/8.5.0" "-"
127.0.0.1 - - [29/Sep/2025:23:31:16 +0000] "GET / HTTP/1.1" 200 2356 "-" "curl/8.5.0" "-"
127.0.0.1 - - [29/Sep/2025:23:31:49 +0000] "GET / HTTP/1.1" 200 2384 "-" "curl/8.5.0" "-"
127.0.0.1 - - [29/Sep/2025:23:32:21 +0000] "GET / HTTP/1.1" 200 2349 "-" "curl/8.5.0" "-"
172.18.0.1 - - [29/Sep/2025:23:32:35 +0000] "GET /products/7/edit HTTP/1.1" 200 1050 "http://localhost/dashboard" "Mozilla/5.0 (Windows NT 10.0; Win64; x64) AppleWebKit/537.36 (KHTML, like Gecko) Chrome/140.0.0.0 Safari/537.36" "-"
172.18.0.1 - - [29/Sep/2025:23:32:35 +0000] "GET /build/assets/app-r2WR_Bgo.css HTTP/1.1" 200 95294 "http://localhost/products/7/edit" "Mozilla/5.0 (Windows NT 10.0; Win64; x64) AppleWebKit/537.36 (KHTML, like Gecko) Chrome/140.0.0.0 Safari/537.36" "-"
172.18.0.1 - - [29/Sep/2025:23:32:35 +0000] "GET /build/assets/app-D_acHk6u.js HTTP/1.1" 200 345241 "-" "Mozilla/5.0 (Windows NT 10.0; Win64; x64) AppleWebKit/537.36 (KHTML, like Gecko) Chrome/140.0.0.0 Safari/537.36" "-"
172.18.0.1 - - [29/Sep/2025:23:32:35 +0000] "GET /build/assets/Edit-B_EEsm-T.js HTTP/1.1" 200 9186 "-" "Mozilla/5.0 (Windows NT 10.0; Win64; x64) AppleWebKit/537.36 (KHTML, like Gecko) Chrome/140.0.0.0 Safari/537.36" "-"
172.18.0.1 - - [29/Sep/2025:23:32:35 +0000] "GET /build/assets/NavHeader-DcrrVv5c.js HTTP/1.1" 200 1675 "-" "Mozilla/5.0 (Windows NT 10.0; Win64; x64) AppleWebKit/537.36 (KHTML, like Gecko) Chrome/140.0.0.0 Safari/537.36" "-"
172.18.0.1 - - [29/Sep/2025:23:32:35 +0000] "GET /build/assets/ProtectedRoute-DD_jrZQk.js HTTP/1.1" 200 4179 "-" "Mozilla/5.0 (Windows NT 10.0; Win64; x64) AppleWebKit/537.36 (KHTML, like Gecko) Chrome/140.0.0.0 Safari/537.36" "-"
172.18.0.1 - - [29/Sep/2025:23:32:35 +0000] "GET /build/assets/useApi-Cfuw77V2.js HTTP/1.1" 200 1724 "-" "Mozilla/5.0 (Windows NT 10.0; Win64; x64) AppleWebKit/537.36 (KHTML, like Gecko) Chrome/140.0.0.0 Safari/537.36" "-"
172.18.0.1 - - [29/Sep/2025:23:32:35 +0000] "GET /api/v1/products/7 HTTP/1.1" 200 470 "http://localhost/products/7/edit" "Mozilla/5.0 (Windows NT 10.0; Win64; x64) AppleWebKit/537.36 (KHTML, like Gecko) Chrome/140.0.0.0 Safari/537.36" "-"
172.18.0.1 - - [29/Sep/2025:23:32:35 +0000] "GET /api/v1/categories?page=1&limit=100 HTTP/1.1" 200 783 "http://localhost/products/7/edit" "Mozilla/5.0 (Windows NT 10.0; Win64; x64) AppleWebKit/537.36 (KHTML, like Gecko) Chrome/140.0.0.0 Safari/537.36" "-"
172.18.0.1 - - [29/Sep/2025:23:32:39 +0000] "GET /.well-known/appspecific/com.chrome.devtools.json HTTP/1.1" 404 2299 "-" "Mozilla/5.0 (Windows NT 10.0; Win64; x64) AppleWebKit/537.36 (KHTML, like Gecko) Chrome/140.0.0.0 Safari/537.36" "-"
172.18.0.1 - - [29/Sep/2025:23:32:46 +0000] "PUT /api/v1/products/7 HTTP/1.1" 500 138 "http://localhost/products/7/edit" "Mozilla/5.0 (Windows NT 10.0; Win64; x64) AppleWebKit/537.36 (KHTML, like Gecko) Chrome/140.0.0.0 Safari/537.36" "-"
127.0.0.1 - - [29/Sep/2025:23:32:54 +0000] "GET / HTTP/1.1" 499 0 "-" "curl/8.5.0" "-"
127.0.0.1 - - [29/Sep/2025:23:33:26 +0000] "GET / HTTP/1.1" 200 2370 "-" "curl/8.5.0" "-"
127.0.0.1 - - [29/Sep/2025:23:33:59 +0000] "GET / HTTP/1.1" 200 2389 "-" "curl/8.5.0" "-"
127.0.0.1 - - [29/Sep/2025:23:34:31 +0000] "GET / HTTP/1.1" 200 2372 "-" "curl/8.5.0" "-"
127.0.0.1 - - [29/Sep/2025:23:35:04 +0000] "GET / HTTP/1.1" 499 0 "-" "curl/8.5.0" "-"
127.0.0.1 - - [29/Sep/2025:23:35:37 +0000] "GET / HTTP/1.1" 499 0 "-" "curl/8.5.0" "-"
127.0.0.1 - - [29/Sep/2025:23:36:11 +0000] "GET / HTTP/1.1" 499 0 "-" "curl/8.5.0" "-"
127.0.0.1 - - [29/Sep/2025:23:36:43 +0000] "GET / HTTP/1.1" 200 2392 "-" "curl/8.5.0" "-"
172.18.0.1 - - [29/Sep/2025:23:36:46 +0000] "PUT /api/v1/products/7 HTTP/1.1" 500 138 "http://localhost/products/7/edit" "Mozilla/5.0 (Windows NT 10.0; Win64; x64) AppleWebKit/537.36 (KHTML, like Gecko) Chrome/140.0.0.0 Safari/537.36" "-"
127.0.0.1 - - [29/Sep/2025:23:40:21 +0000] "GET / HTTP/1.1" 499 0 "-" "curl/8.5.0" "-"
172.18.0.1 - - [29/Sep/2025:23:40:31 +0000] "GET /products/7/edit HTTP/1.1" 200 1056 "http://localhost/dashboard" "Mozilla/5.0 (Windows NT 10.0; Win64; x64) AppleWebKit/537.36 (KHTML, like Gecko) Chrome/140.0.0.0 Safari/537.36" "-"
172.18.0.1 - - [29/Sep/2025:23:40:31 +0000] "GET /build/assets/app-r2WR_Bgo.css HTTP/1.1" 304 0 "http://localhost/products/7/edit" "Mozilla/5.0 (Windows NT 10.0; Win64; x64) AppleWebKit/537.36 (KHTML, like Gecko) Chrome/140.0.0.0 Safari/537.36" "-"
172.18.0.1 - - [29/Sep/2025:23:40:31 +0000] "GET /build/assets/NavHeader-DcrrVv5c.js HTTP/1.1" 304 0 "-" "Mozilla/5.0 (Windows NT 10.0; Win64; x64) AppleWebKit/537.36 (KHTML, like Gecko) Chrome/140.0.0.0 Safari/537.36" "-"
172.18.0.1 - - [29/Sep/2025:23:40:31 +0000] "GET /build/assets/app-D_acHk6u.js HTTP/1.1" 304 0 "-" "Mozilla/5.0 (Windows NT 10.0; Win64; x64) AppleWebKit/537.36 (KHTML, like Gecko) Chrome/140.0.0.0 Safari/537.36" "-"
172.18.0.1 - - [29/Sep/2025:23:40:31 +0000] "GET /build/assets/Edit-B_EEsm-T.js HTTP/1.1" 304 0 "-" "Mozilla/5.0 (Windows NT 10.0; Win64; x64) AppleWebKit/537.36 (KHTML, like Gecko) Chrome/140.0.0.0 Safari/537.36" "-"
172.18.0.1 - - [29/Sep/2025:23:40:31 +0000] "GET /build/assets/ProtectedRoute-DD_jrZQk.js HTTP/1.1" 304 0 "-" "Mozilla/5.0 (Windows NT 10.0; Win64; x64) AppleWebKit/537.36 (KHTML, like Gecko) Chrome/140.0.0.0 Safari/537.36" "-"
172.18.0.1 - - [29/Sep/2025:23:40:31 +0000] "GET /build/assets/useApi-Cfuw77V2.js HTTP/1.1" 304 0 "-" "Mozilla/5.0 (Windows NT 10.0; Win64; x64) AppleWebKit/537.36 (KHTML, like Gecko) Chrome/140.0.0.0 Safari/537.36" "-"
172.18.0.1 - - [29/Sep/2025:23:40:31 +0000] "GET /api/v1/categories?page=1&limit=100 HTTP/1.1" 200 783 "http://localhost/products/7/edit" "Mozilla/5.0 (Windows NT 10.0; Win64; x64) AppleWebKit/537.36 (KHTML, like Gecko) Chrome/140.0.0.0 Safari/537.36" "-"
172.18.0.1 - - [29/Sep/2025:23:40:31 +0000] "GET /api/v1/products/7 HTTP/1.1" 200 470 "http://localhost/products/7/edit" "Mozilla/5.0 (Windows NT 10.0; Win64; x64) AppleWebKit/537.36 (KHTML, like Gecko) Chrome/140.0.0.0 Safari/537.36" "-"
172.18.0.1 - - [29/Sep/2025:23:40:33 +0000] "GET /.well-known/appspecific/com.chrome.devtools.json HTTP/1.1" 404 2299 "-" "Mozilla/5.0 (Windows NT 10.0; Win64; x64) AppleWebKit/537.36 (KHTML, like Gecko) Chrome/140.0.0.0 Safari/537.36" "-"
172.18.0.1 - - [29/Sep/2025:23:40:42 +0000] "GET /products HTTP/1.1" 200 253 "http://localhost/products/7/edit" "Mozilla/5.0 (Windows NT 10.0; Win64; x64) AppleWebKit/537.36 (KHTML, like Gecko) Chrome/140.0.0.0 Safari/537.36" "-"
172.18.0.1 - - [29/Sep/2025:23:40:42 +0000] "GET /build/assets/Index-CXA_SDE3.js HTTP/1.1" 200 6844 "-" "Mozilla/5.0 (Windows NT 10.0; Win64; x64) AppleWebKit/537.36 (KHTML, like Gecko) Chrome/140.0.0.0 Safari/537.36" "-"
172.18.0.1 - - [29/Sep/2025:23:40:42 +0000] "GET /api/v1/products?page=1&limit=10 HTTP/1.1" 200 557 "http://localhost/products" "Mozilla/5.0 (Windows NT 10.0; Win64; x64) AppleWebKit/537.36 (KHTML, like Gecko) Chrome/140.0.0.0 Safari/537.36" "-"
172.18.0.1 - - [29/Sep/2025:23:40:42 +0000] "GET /uploads/Search-Domain-2-1759165906871-984713144.png HTTP/1.1" 404 190 "http://localhost/products" "Mozilla/5.0 (Windows NT 10.0; Win64; x64) AppleWebKit/537.36 (KHTML, like Gecko) Chrome/140.0.0.0 Safari/537.36" "-"
172.18.0.1 - - [29/Sep/2025:23:40:42 +0000] "GET /uploads/Search-Domain-2-1759165837819-257723119.png HTTP/1.1" 404 190 "http://localhost/products" "Mozilla/5.0 (Windows NT 10.0; Win64; x64) AppleWebKit/537.36 (KHTML, like Gecko) Chrome/140.0.0.0 Safari/537.36" "-"
172.18.0.1 - - [29/Sep/2025:23:40:45 +0000] "GET /products/7/edit HTTP/1.1" 200 258 "http://localhost/products" "Mozilla/5.0 (Windows NT 10.0; Win64; x64) AppleWebKit/537.36 (KHTML, like Gecko) Chrome/140.0.0.0 Safari/537.36" "-"
172.18.0.1 - - [29/Sep/2025:23:40:45 +0000] "GET /api/v1/categories?page=1&limit=100 HTTP/1.1" 200 783 "http://localhost/products/7/edit" "Mozilla/5.0 (Windows NT 10.0; Win64; x64) AppleWebKit/537.36 (KHTML, like Gecko) Chrome/140.0.0.0 Safari/537.36" "-"
172.18.0.1 - - [29/Sep/2025:23:40:45 +0000] "GET /api/v1/products/7 HTTP/1.1" 200 470 "http://localhost/products/7/edit" "Mozilla/5.0 (Windows NT 10.0; Win64; x64) AppleWebKit/537.36 (KHTML, like Gecko) Chrome/140.0.0.0 Safari/537.36" "-"
127.0.0.1 - - [29/Sep/2025:23:40:52 +0000] "GET / HTTP/1.1" 200 2384 "-" "curl/8.5.0" "-"
172.18.0.1 - - [29/Sep/2025:23:40:54 +0000] "PUT /api/v1/products/7 HTTP/1.1" 200 532 "http://localhost/products/7/edit" "Mozilla/5.0 (Windows NT 10.0; Win64; x64) AppleWebKit/537.36 (KHTML, like Gecko) Chrome/140.0.0.0 Safari/537.36" "-"
172.18.0.1 - - [29/Sep/2025:23:40:57 +0000] "GET /products HTTP/1.1" 499 0 "http://localhost/products/7/edit" "Mozilla/5.0 (Windows NT 10.0; Win64; x64) AppleWebKit/537.36 (KHTML, like Gecko) Chrome/140.0.0.0 Safari/537.36" "-"
172.18.0.1 - - [29/Sep/2025:23:40:57 +0000] "GET /products HTTP/1.1" 200 260 "http://localhost/products/7/edit" "Mozilla/5.0 (Windows NT 10.0; Win64; x64) AppleWebKit/537.36 (KHTML, like Gecko) Chrome/140.0.0.0 Safari/537.36" "-"
172.18.0.1 - - [29/Sep/2025:23:40:57 +0000] "GET /api/v1/products?page=1&limit=10 HTTP/1.1" 200 595 "http://localhost/products" "Mozilla/5.0 (Windows NT 10.0; Win64; x64) AppleWebKit/537.36 (KHTML, like Gecko) Chrome/140.0.0.0 Safari/537.36" "-"
