172.18.0.1 - - [29/Sep/2025:23:40:57 +0000] "GET /uploads/Search-Domain-2-1759165906871-984713144.png HTTP/1.1" 404 190 "http://localhost/products" "Mozilla/5.0 (Windows NT 10.0; Win64; x64) AppleWebKit/537.36 (KHTML, like Gecko) Chrome/140.0.0.0 Safari/537.36" "-"
172.18.0.1 - - [29/Sep/2025:23:40:57 +0000] "GET /uploads/Search-Domain-2-1759165837819-257723119.png HTTP/1.1" 404 190 "http://localhost/products" "Mozilla/5.0 (Windows NT 10.0; Win64; x64) AppleWebKit/537.36 (KHTML, like Gecko) Chrome/140.0.0.0 Safari/537.36" "-"
172.18.0.1 - - [29/Sep/2025:23:40:57 +0000] "GET /uploads/hand-drawn-employee-savings-plan-illustration-1759189254698-359924013.png HTTP/1.1" 200 2048762 "http://localhost/products" "Mozilla/5.0 (Windows NT 10.0; Win64; x64) AppleWebKit/537.36 (KHTML, like Gecko) Chrome/140.0.0.0 Safari/537.36" "-"
172.18.0.1 - - [29/Sep/2025:23:41:04 +0000] "GET /products/6/edit HTTP/1.1" 200 275 "http://localhost/products" "Mozilla/5.0 (Windows NT 10.0; Win64; x64) AppleWebKit/537.36 (KHTML, like Gecko) Chrome/140.0.0.0 Safari/537.36" "-"
172.18.0.1 - - [29/Sep/2025:23:41:04 +0000] "GET /api/v1/categories?page=1&limit=100 HTTP/1.1" 200 783 "http://localhost/products/6/edit" "Mozilla/5.0 (Windows NT 10.0; Win64; x64) AppleWebKit/537.36 (KHTML, like Gecko) Chrome/140.0.0.0 Safari/537.36" "-"
172.18.0.1 - - [29/Sep/2025:23:41:04 +0000] "GET /api/v1/products/6 HTTP/1.1" 200 423 "http://localhost/products/6/edit" "Mozilla/5.0 (Windows NT 10.0; Win64; x64) AppleWebKit/537.36 (KHTML, like Gecko) Chrome/140.0.0.0 Safari/537.36" "-"
127.0.0.1 - - [29/Sep/2025:23:41:24 +0000] "GET / HTTP/1.1" 200 2383 "-" "curl/8.5.0" "-"
172.18.0.1 - - [29/Sep/2025:23:41:28 +0000] "GET /products HTTP/1.1" 200 255 "http://localhost/products/6/edit" "Mozilla/5.0 (Windows NT 10.0; Win64; x64) AppleWebKit/537.36 (KHTML, like Gecko) Chrome/140.0.0.0 Safari/537.36" "-"
172.18.0.1 - - [29/Sep/2025:23:41:28 +0000] "GET /api/v1/products?page=1&limit=10 HTTP/1.1" 200 595 "http://localhost/products" "Mozilla/5.0 (Windows NT 10.0; Win64; x64) AppleWebKit/537.36 (KHTML, like Gecko) Chrome/140.0.0.0 Safari/537.36" "-"
172.18.0.1 - - [29/Sep/2025:23:41:28 +0000] "GET /uploads/Search-Domain-2-1759165906871-984713144.png HTTP/1.1" 404 190 "http://localhost/products" "Mozilla/5.0 (Windows NT 10.0; Win64; x64) AppleWebKit/537.36 (KHTML, like Gecko) Chrome/140.0.0.0 Safari/537.36" "-"
172.18.0.1 - - [29/Sep/2025:23:41:28 +0000] "GET /uploads/Search-Domain-2-1759165837819-257723119.png HTTP/1.1" 404 190 "http://localhost/products" "Mozilla/5.0 (Windows NT 10.0; Win64; x64) AppleWebKit/537.36 (KHTML, like Gecko) Chrome/140.0.0.0 Safari/537.36" "-"
172.18.0.1 - - [29/Sep/2025:23:41:31 +0000] "GET /products/7/edit HTTP/1.1" 200 274 "http://localhost/products" "Mozilla/5.0 (Windows NT 10.0; Win64; x64) AppleWebKit/537.36 (KHTML, like Gecko) Chrome/140.0.0.0 Safari/537.36" "-"
172.18.0.1 - - [29/Sep/2025:23:41:31 +0000] "GET /api/v1/categories?page=1&limit=100 HTTP/1.1" 200 783 "http://localhost/products/7/edit" "Mozilla/5.0 (Windows NT 10.0; Win64; x64) AppleWebKit/537.36 (KHTML, like Gecko) Chrome/140.0.0.0 Safari/537.36" "-"
172.18.0.1 - - [29/Sep/2025:23:41:31 +0000] "GET /api/v1/products/7 HTTP/1.1" 200 534 "http://localhost/products/7/edit" "Mozilla/5.0 (Windows NT 10.0; Win64; x64) AppleWebKit/537.36 (KHTML, like Gecko) Chrome/140.0.0.0 Safari/537.36" "-"
172.18.0.1 - - [29/Sep/2025:23:41:36 +0000] "PUT /api/v1/products/7 HTTP/1.1" 200 533 "http://localhost/products/7/edit" "Mozilla/5.0 (Windows NT 10.0; Win64; x64) AppleWebKit/537.36 (KHTML, like Gecko) Chrome/140.0.0.0 Safari/537.36" "-"
172.18.0.1 - - [29/Sep/2025:23:41:39 +0000] "GET /products HTTP/1.1" 200 265 "http://localhost/products/7/edit" "Mozilla/5.0 (Windows NT 10.0; Win64; x64) AppleWebKit/537.36 (KHTML, like Gecko) Chrome/140.0.0.0 Safari/537.36" "-"
172.18.0.1 - - [29/Sep/2025:23:41:39 +0000] "GET /api/v1/products?page=1&limit=10 HTTP/1.1" 200 597 "http://localhost/products" "Mozilla/5.0 (Windows NT 10.0; Win64; x64) AppleWebKit/537.36 (KHTML, like Gecko) Chrome/140.0.0.0 Safari/537.36" "-"
172.18.0.1 - - [29/Sep/2025:23:41:39 +0000] "GET /uploads/Search-Domain-2-1759165906871-984713144.png HTTP/1.1" 404 190 "http://localhost/products" "Mozilla/5.0 (Windows NT 10.0; Win64; x64) AppleWebKit/537.36 (KHTML, like Gecko) Chrome/140.0.0.0 Safari/537.36" "-"
172.18.0.1 - - [29/Sep/2025:23:41:39 +0000] "GET /uploads/Search-Domain-2-1759165837819-257723119.png HTTP/1.1" 404 190 "http://localhost/products" "Mozilla/5.0 (Windows NT 10.0; Win64; x64) AppleWebKit/537.36 (KHTML, like Gecko) Chrome/140.0.0.0 Safari/537.36" "-"
172.18.0.1 - - [29/Sep/2025:23:41:45 +0000] "GET /products/5 HTTP/1.1" 200 264 "http://localhost/products" "Mozilla/5.0 (Windows NT 10.0; Win64; x64) AppleWebKit/537.36 (KHTML, like Gecko) Chrome/140.0.0.0 Safari/537.36" "-"
172.18.0.1 - - [29/Sep/2025:23:41:45 +0000] "GET /build/assets/Show-Ch73gjNe.js HTTP/1.1" 200 5983 "-" "Mozilla/5.0 (Windows NT 10.0; Win64; x64) AppleWebKit/537.36 (KHTML, like Gecko) Chrome/140.0.0.0 Safari/537.36" "-"
172.18.0.1 - - [29/Sep/2025:23:41:45 +0000] "GET /api/v1/products/5 HTTP/1.1" 200 468 "http://localhost/products/5" "Mozilla/5.0 (Windows NT 10.0; Win64; x64) AppleWebKit/537.36 (KHTML, like Gecko) Chrome/140.0.0.0 Safari/537.36" "-"
172.18.0.1 - - [29/Sep/2025:23:41:51 +0000] "GET /products/5/edit HTTP/1.1" 200 266 "http://localhost/products/5" "Mozilla/5.0 (Windows NT 10.0; Win64; x64) AppleWebKit/537.36 (KHTML, like Gecko) Chrome/140.0.0.0 Safari/537.36" "-"
172.18.0.1 - - [29/Sep/2025:23:41:51 +0000] "GET /api/v1/categories?page=1&limit=100 HTTP/1.1" 200 783 "http://localhost/products/5/edit" "Mozilla/5.0 (Windows NT 10.0; Win64; x64) AppleWebKit/537.36 (KHTML, like Gecko) Chrome/140.0.0.0 Safari/537.36" "-"
172.18.0.1 - - [29/Sep/2025:23:41:51 +0000] "GET /api/v1/products/5 HTTP/1.1" 200 468 "http://localhost/products/5/edit" "Mozilla/5.0 (Windows NT 10.0; Win64; x64) AppleWebKit/537.36 (KHTML, like Gecko) Chrome/140.0.0.0 Safari/537.36" "-"
172.18.0.1 - - [29/Sep/2025:23:41:52 +0000] "GET /api/v1/products/5 HTTP/1.1" 200 468 "http://localhost/products/5" "Mozilla/5.0 (Windows NT 10.0; Win64; x64) AppleWebKit/537.36 (KHTML, like Gecko) Chrome/140.0.0.0 Safari/537.36" "-"
127.0.0.1 - - [29/Sep/2025:23:41:57 +0000] "GET / HTTP/1.1" 200 2409 "-" "curl/8.5.0" "-"
127.0.0.1 - - [29/Sep/2025:23:42:28 +0000] "GET / HTTP/1.1" 200 2408 "-" "curl/8.5.0" "-"
127.0.0.1 - - [29/Sep/2025:23:43:00 +0000] "GET / HTTP/1.1" 200 2373 "-" "curl/8.5.0" "-"
127.0.0.1 - - [29/Sep/2025:23:43:33 +0000] "GET / HTTP/1.1" 499 0 "-" "curl/8.5.0" "-"
172.18.0.1 - - [29/Sep/2025:23:43:41 +0000] "GET /login HTTP/1.1" 200 1019 "http://localhost/products/5" "Mozilla/5.0 (Windows NT 10.0; Win64; x64) AppleWebKit/537.36 (KHTML, like Gecko) Chrome/140.0.0.0 Safari/537.36" "-"
172.18.0.1 - - [29/Sep/2025:23:43:41 +0000] "GET /login HTTP/1.1" 499 0 "http://localhost/products/5" "Mozilla/5.0 (Windows NT 10.0; Win64; x64) AppleWebKit/537.36 (KHTML, like Gecko) Chrome/140.0.0.0 Safari/537.36" "-"
172.18.0.1 - - [29/Sep/2025:23:43:41 +0000] "GET /build/assets/app-r2WR_Bgo.css HTTP/1.1" 304 0 "http://localhost/login" "Mozilla/5.0 (Windows NT 10.0; Win64; x64) AppleWebKit/537.36 (KHTML, like Gecko) Chrome/140.0.0.0 Safari/537.36" "-"
172.18.0.1 - - [29/Sep/2025:23:43:41 +0000] "GET /build/assets/app-D_acHk6u.js HTTP/1.1" 304 0 "-" "Mozilla/5.0 (Windows NT 10.0; Win64; x64) AppleWebKit/537.36 (KHTML, like Gecko) Chrome/140.0.0.0 Safari/537.36" "-"
172.18.0.1 - - [29/Sep/2025:23:43:41 +0000] "GET /build/assets/login-CSYcXjGV.js HTTP/1.1" 200 3315 "-" "Mozilla/5.0 (Windows NT 10.0; Win64; x64) AppleWebKit/537.36 (KHTML, like Gecko) Chrome/140.0.0.0 Safari/537.36" "-"
172.18.0.1 - - [29/Sep/2025:23:43:43 +0000] "GET /.well-known/appspecific/com.chrome.devtools.json HTTP/1.1" 404 2299 "-" "Mozilla/5.0 (Windows NT 10.0; Win64; x64) AppleWebKit/537.36 (KHTML, like Gecko) Chrome/140.0.0.0 Safari/537.36" "-"
172.18.0.1 - - [29/Sep/2025:23:43:43 +0000] "GET /products/5 HTTP/1.1" 200 1032 "http://localhost/dashboard" "Mozilla/5.0 (Windows NT 10.0; Win64; x64) AppleWebKit/537.36 (KHTML, like Gecko) Chrome/140.0.0.0 Safari/537.36" "-"
172.18.0.1 - - [29/Sep/2025:23:43:43 +0000] "GET /build/assets/Show-Ch73gjNe.js HTTP/1.1" 304 0 "-" "Mozilla/5.0 (Windows NT 10.0; Win64; x64) AppleWebKit/537.36 (KHTML, like Gecko) Chrome/140.0.0.0 Safari/537.36" "-"
172.18.0.1 - - [29/Sep/2025:23:43:43 +0000] "GET /build/assets/ProtectedRoute-DD_jrZQk.js HTTP/1.1" 304 0 "-" "Mozilla/5.0 (Windows NT 10.0; Win64; x64) AppleWebKit/537.36 (KHTML, like Gecko) Chrome/140.0.0.0 Safari/537.36" "-"
172.18.0.1 - - [29/Sep/2025:23:43:43 +0000] "GET /build/assets/NavHeader-DcrrVv5c.js HTTP/1.1" 304 0 "-" "Mozilla/5.0 (Windows NT 10.0; Win64; x64) AppleWebKit/537.36 (KHTML, like Gecko) Chrome/140.0.0.0 Safari/537.36" "-"
172.18.0.1 - - [29/Sep/2025:23:43:43 +0000] "GET /.well-known/appspecific/com.chrome.devtools.json HTTP/1.1" 404 2299 "-" "Mozilla/5.0 (Windows NT 10.0; Win64; x64) AppleWebKit/537.36 (KHTML, like Gecko) Chrome/140.0.0.0 Safari/537.36" "-"
172.18.0.1 - - [29/Sep/2025:23:43:43 +0000] "GET /api/v1/products/5 HTTP/1.1" 200 468 "http://localhost/products/5" "Mozilla/5.0 (Windows NT 10.0; Win64; x64) AppleWebKit/537.36 (KHTML, like Gecko) Chrome/140.0.0.0 Safari/537.36" "-"
172.18.0.1 - - [29/Sep/2025:23:43:43 +0000] "GET /login HTTP/1.1" 200 254 "http://localhost/products/5" "Mozilla/5.0 (Windows NT 10.0; Win64; x64) AppleWebKit/537.36 (KHTML, like Gecko) Chrome/140.0.0.0 Safari/537.36" "-"
172.18.0.1 - - [29/Sep/2025:23:43:47 +0000] "GET /dashboard HTTP/1.1" 200 1027 "http://localhost/products" "Mozilla/5.0 (Windows NT 10.0; Win64; x64) AppleWebKit/537.36 (KHTML, like Gecko) Chrome/140.0.0.0 Safari/537.36" "-"
172.18.0.1 - - [29/Sep/2025:23:43:47 +0000] "GET /build/assets/dashboard-BBbjjsRx.js HTTP/1.1" 200 6364 "-" "Mozilla/5.0 (Windows NT 10.0; Win64; x64) AppleWebKit/537.36 (KHTML, like Gecko) Chrome/140.0.0.0 Safari/537.36" "-"
172.18.0.1 - - [29/Sep/2025:23:43:47 +0000] "GET /api/health HTTP/1.1" 200 95 "http://localhost/dashboard" "Mozilla/5.0 (Windows NT 10.0; Win64; x64) AppleWebKit/537.36 (KHTML, like Gecko) Chrome/140.0.0.0 Safari/537.36" "-"
172.18.0.1 - - [29/Sep/2025:23:43:47 +0000] "GET /api/v1/users?page=1&limit=5 HTTP/1.1" 500 0 "http://localhost/dashboard" "Mozilla/5.0 (Windows NT 10.0; Win64; x64) AppleWebKit/537.36 (KHTML, like Gecko) Chrome/140.0.0.0 Safari/537.36" "-"
172.18.0.1 - - [29/Sep/2025:23:43:47 +0000] "GET /.well-known/appspecific/com.chrome.devtools.json HTTP/1.1" 404 2299 "-" "Mozilla/5.0 (Windows NT 10.0; Win64; x64) AppleWebKit/537.36 (KHTML, like Gecko) Chrome/140.0.0.0 Safari/537.36" "-"
172.18.0.1 - - [29/Sep/2025:23:43:47 +0000] "GET /login HTTP/1.1" 409 0 "http://localhost/dashboard" "Mozilla/5.0 (Windows NT 10.0; Win64; x64) AppleWebKit/537.36 (KHTML, like Gecko) Chrome/140.0.0.0 Safari/537.36" "-"
172.18.0.1 - - [29/Sep/2025:23:43:48 +0000] "GET /login HTTP/1.1" 200 1027 "http://localhost/dashboard" "Mozilla/5.0 (Windows NT 10.0; Win64; x64) AppleWebKit/537.36 (KHTML, like Gecko) Chrome/140.0.0.0 Safari/537.36" "-"
172.18.0.1 - - [29/Sep/2025:23:43:50 +0000] "GET /.well-known/appspecific/com.chrome.devtools.json HTTP/1.1" 404 2299 "-" "Mozilla/5.0 (Windows NT 10.0; Win64; x64) AppleWebKit/537.36 (KHTML, like Gecko) Chrome/140.0.0.0 Safari/537.36" "-"
172.18.0.1 - - [29/Sep/2025:23:43:57 +0000] "GET /dashboard HTTP/1.1" 200 1028 "-" "Mozilla/5.0 (Windows NT 10.0; Win64; x64) AppleWebKit/537.36 (KHTML, like Gecko) Chrome/140.0.0.0 Safari/537.36" "-"
172.18.0.1 - - [29/Sep/2025:23:43:57 +0000] "GET /build/assets/app-B20Fh3dP.js HTTP/1.1" 200 345241 "-" "Mozilla/5.0 (Windows NT 10.0; Win64; x64) AppleWebKit/537.36 (KHTML, like Gecko) Chrome/140.0.0.0 Safari/537.36" "-"
172.18.0.1 - - [29/Sep/2025:23:43:57 +0000] "GET /build/assets/dashboard-BWNh0r0i.js HTTP/1.1" 200 6364 "-" "Mozilla/5.0 (Windows NT 10.0; Win64; x64) AppleWebKit/537.36 (KHTML, like Gecko) Chrome/140.0.0.0 Safari/537.36" "-"
172.18.0.1 - - [29/Sep/2025:23:43:57 +0000] "GET /build/assets/ProtectedRoute-B4F1XNQl.js HTTP/1.1" 200 4179 "-" "Mozilla/5.0 (Windows NT 10.0; Win64; x64) AppleWebKit/537.36 (KHTML, like Gecko) Chrome/140.0.0.0 Safari/537.36" "-"
172.18.0.1 - - [29/Sep/2025:23:43:57 +0000] "GET /build/assets/NavHeader-BoUcnqW-.js HTTP/1.1" 200 1675 "-" "Mozilla/5.0 (Windows NT 10.0; Win64; x64) AppleWebKit/537.36 (KHTML, like Gecko) Chrome/140.0.0.0 Safari/537.36" "-"
172.18.0.1 - - [29/Sep/2025:23:43:57 +0000] "GET /api/v1/users?page=1&limit=5 HTTP/1.1" 500 0 "http://localhost/dashboard" "Mozilla/5.0 (Windows NT 10.0; Win64; x64) AppleWebKit/537.36 (KHTML, like Gecko) Chrome/140.0.0.0 Safari/537.36" "-"
172.18.0.1 - - [29/Sep/2025:23:43:57 +0000] "GET /api/health HTTP/1.1" 200 95 "http://localhost/dashboard" "Mozilla/5.0 (Windows NT 10.0; Win64; x64) AppleWebKit/537.36 (KHTML, like Gecko) Chrome/140.0.0.0 Safari/537.36" "-"
172.18.0.1 - - [29/Sep/2025:23:43:58 +0000] "GET /login HTTP/1.1" 200 254 "http://localhost/dashboard" "Mozilla/5.0 (Windows NT 10.0; Win64; x64) AppleWebKit/537.36 (KHTML, like Gecko) Chrome/140.0.0.0 Safari/537.36" "-"
172.18.0.1 - - [29/Sep/2025:23:43:58 +0000] "GET /build/assets/login-CISpIG2x.js HTTP/1.1" 200 3315 "-" "Mozilla/5.0 (Windows NT 10.0; Win64; x64) AppleWebKit/537.36 (KHTML, like Gecko) Chrome/140.0.0.0 Safari/537.36" "-"
172.18.0.1 - - [29/Sep/2025:23:43:58 +0000] "GET /.well-known/appspecific/com.chrome.devtools.json HTTP/1.1" 404 2299 "-" "Mozilla/5.0 (Windows NT 10.0; Win64; x64) AppleWebKit/537.36 (KHTML, like Gecko) Chrome/140.0.0.0 Safari/537.36" "-"
127.0.0.1 - - [29/Sep/2025:23:44:05 +0000] "GET / HTTP/1.1" 200 2384 "-" "curl/8.5.0" "-"
172.18.0.1 - - [29/Sep/2025:23:44:05 +0000] "GET /dashboard HTTP/1.1" 200 260 "http://localhost/login" "Mozilla/5.0 (Windows NT 10.0; Win64; x64) AppleWebKit/537.36 (KHTML, like Gecko) Chrome/140.0.0.0 Safari/537.36" "-"
172.18.0.1 - - [29/Sep/2025:23:44:05 +0000] "GET /api/health HTTP/1.1" 200 95 "http://localhost/dashboard" "Mozilla/5.0 (Windows NT 10.0; Win64; x64) AppleWebKit/537.36 (KHTML, like Gecko) Chrome/140.0.0.0 Safari/537.36" "-"
172.18.0.1 - - [29/Sep/2025:23:44:05 +0000] "GET /api/v1/users?page=1&limit=5 HTTP/1.1" 200 513 "http://localhost/dashboard" "Mozilla/5.0 (Windows NT 10.0; Win64; x64) AppleWebKit/537.36 (KHTML, like Gecko) Chrome/140.0.0.0 Safari/537.36" "-"
172.18.0.1 - - [29/Sep/2025:23:44:11 +0000] "GET /products HTTP/1.1" 200 256 "http://localhost/dashboard" "Mozilla/5.0 (Windows NT 10.0; Win64; x64) AppleWebKit/537.36 (KHTML, like Gecko) Chrome/140.0.0.0 Safari/537.36" "-"
172.18.0.1 - - [29/Sep/2025:23:44:11 +0000] "GET /build/assets/Index-CIS-PfT-.js HTTP/1.1" 200 6844 "-" "Mozilla/5.0 (Windows NT 10.0; Win64; x64) AppleWebKit/537.36 (KHTML, like Gecko) Chrome/140.0.0.0 Safari/537.36" "-"
172.18.0.1 - - [29/Sep/2025:23:44:11 +0000] "GET /build/assets/useApi-B-0sQ2zz.js HTTP/1.1" 200 1724 "-" "Mozilla/5.0 (Windows NT 10.0; Win64; x64) AppleWebKit/537.36 (KHTML, like Gecko) Chrome/140.0.0.0 Safari/537.36" "-"
172.18.0.1 - - [29/Sep/2025:23:44:11 +0000] "GET /api/v1/products?page=1&limit=10 HTTP/1.1" 200 597 "http://localhost/products" "Mozilla/5.0 (Windows NT 10.0; Win64; x64) AppleWebKit/537.36 (KHTML, like Gecko) Chrome/140.0.0.0 Safari/537.36" "-"
172.18.0.1 - - [29/Sep/2025:23:44:11 +0000] "GET /uploads/Search-Domain-2-1759165906871-984713144.png HTTP/1.1" 404 190 "http://localhost/products" "Mozilla/5.0 (Windows NT 10.0; Win64; x64) AppleWebKit/537.36 (KHTML, like Gecko) Chrome/140.0.0.0 Safari/537.36" "-"
172.18.0.1 - - [29/Sep/2025:23:44:11 +0000] "GET /uploads/Search-Domain-2-1759165837819-257723119.png HTTP/1.1" 404 190 "http://localhost/products" "Mozilla/5.0 (Windows NT 10.0; Win64; x64) AppleWebKit/537.36 (KHTML, like Gecko) Chrome/140.0.0.0 Safari/537.36" "-"
172.18.0.1 - - [29/Sep/2025:23:44:14 +0000] "GET /products/7/edit HTTP/1.1" 200 298 "http://localhost/products" "Mozilla/5.0 (Windows NT 10.0; Win64; x64) AppleWebKit/537.36 (KHTML, like Gecko) Chrome/140.0.0.0 Safari/537.36" "-"
172.18.0.1 - - [29/Sep/2025:23:44:14 +0000] "GET /build/assets/Edit-BD30MnMV.js HTTP/1.1" 200 9181 "-" "Mozilla/5.0 (Windows NT 10.0; Win64; x64) AppleWebKit/537.36 (KHTML, like Gecko) Chrome/140.0.0.0 Safari/537.36" "-"
172.18.0.1 - - [29/Sep/2025:23:44:14 +0000] "GET /api/v1/categories?page=1&limit=100 HTTP/1.1" 200 783 "http://localhost/products/7/edit" "Mozilla/5.0 (Windows NT 10.0; Win64; x64) AppleWebKit/537.36 (KHTML, like Gecko) Chrome/140.0.0.0 Safari/537.36" "-"
172.18.0.1 - - [29/Sep/2025:23:44:14 +0000] "GET /api/v1/products/7 HTTP/1.1" 200 535 "http://localhost/products/7/edit" "Mozilla/5.0 (Windows NT 10.0; Win64; x64) AppleWebKit/537.36 (KHTML, like Gecko) Chrome/140.0.0.0 Safari/537.36" "-"
172.18.0.1 - - [29/Sep/2025:23:44:21 +0000] "GET /products HTTP/1.1" 200 261 "http://localhost/products/7/edit" "Mozilla/5.0 (Windows NT 10.0; Win64; x64) AppleWebKit/537.36 (KHTML, like Gecko) Chrome/140.0.0.0 Safari/537.36" "-"
172.18.0.1 - - [29/Sep/2025:23:44:21 +0000] "GET /api/v1/products?page=1&limit=10 HTTP/1.1" 200 597 "http://localhost/products" "Mozilla/5.0 (Windows NT 10.0; Win64; x64) AppleWebKit/537.36 (KHTML, like Gecko) Chrome/140.0.0.0 Safari/537.36" "-"
172.18.0.1 - - [29/Sep/2025:23:44:21 +0000] "GET /uploads/Search-Domain-2-1759165906871-984713144.png HTTP/1.1" 404 190 "http://localhost/products" "Mozilla/5.0 (Windows NT 10.0; Win64; x64) AppleWebKit/537.36 (KHTML, like Gecko) Chrome/140.0.0.0 Safari/537.36" "-"
172.18.0.1 - - [29/Sep/2025:23:44:21 +0000] "GET /uploads/Search-Domain-2-1759165837819-257723119.png HTTP/1.1" 404 190 "http://localhost/products" "Mozilla/5.0 (Windows NT 10.0; Win64; x64) AppleWebKit/537.36 (KHTML, like Gecko) Chrome/140.0.0.0 Safari/537.36" "-"
172.18.0.1 - - [29/Sep/2025:23:44:25 +0000] "GET /products/5/edit HTTP/1.1" 200 269 "http://localhost/products" "Mozilla/5.0 (Windows NT 10.0; Win64; x64) AppleWebKit/537.36 (KHTML, like Gecko) Chrome/140.0.0.0 Safari/537.36" "-"
172.18.0.1 - - [29/Sep/2025:23:44:25 +0000] "GET /api/v1/categories?page=1&limit=100 HTTP/1.1" 200 783 "http://localhost/products/5/edit" "Mozilla/5.0 (Windows NT 10.0; Win64; x64) AppleWebKit/537.36 (KHTML, like Gecko) Chrome/140.0.0.0 Safari/537.36" "-"
172.18.0.1 - - [29/Sep/2025:23:44:25 +0000] "GET /api/v1/products/5 HTTP/1.1" 200 468 "http://localhost/products/5/edit" "Mozilla/5.0 (Windows NT 10.0; Win64; x64) AppleWebKit/537.36 (KHTML, like Gecko) Chrome/140.0.0.0 Safari/537.36" "-"
172.18.0.1 - - [29/Sep/2025:23:44:29 +0000] "PUT /api/v1/products/5 HTTP/1.1" 200 468 "http://localhost/products/5/edit" "Mozilla/5.0 (Windows NT 10.0; Win64; x64) AppleWebKit/537.36 (KHTML, like Gecko) Chrome/140.0.0.0 Safari/537.36" "-"
172.18.0.1 - - [29/Sep/2025:23:44:31 +0000] "GET /products HTTP/1.1" 499 0 "http://localhost/products/5/edit" "Mozilla/5.0 (Windows NT 10.0; Win64; x64) AppleWebKit/537.36 (KHTML, like Gecko) Chrome/140.0.0.0 Safari/537.36" "-"
172.18.0.1 - - [29/Sep/2025:23:44:31 +0000] "GET /products HTTP/1.1" 200 259 "http://localhost/products/5/edit" "Mozilla/5.0 (Windows NT 10.0; Win64; x64) AppleWebKit/537.36 (KHTML, like Gecko) Chrome/140.0.0.0 Safari/537.36" "-"
172.18.0.1 - - [29/Sep/2025:23:44:31 +0000] "GET /api/v1/products?page=1&limit=10 HTTP/1.1" 200 611 "http://localhost/products" "Mozilla/5.0 (Windows NT 10.0; Win64; x64) AppleWebKit/537.36 (KHTML, like Gecko) Chrome/140.0.0.0 Safari/537.36" "-"
172.18.0.1 - - [29/Sep/2025:23:44:31 +0000] "GET /uploads/Search-Domain-2-1759165906871-984713144.png HTTP/1.1" 404 190 "http://localhost/products" "Mozilla/5.0 (Windows NT 10.0; Win64; x64) AppleWebKit/537.36 (KHTML, like Gecko) Chrome/140.0.0.0 Safari/537.36" "-"
172.18.0.1 - - [29/Sep/2025:23:44:31 +0000] "GET /uploads/Search-Domain-2-1759165837819-257723119.png HTTP/1.1" 404 190 "http://localhost/products" "Mozilla/5.0 (Windows NT 10.0; Win64; x64) AppleWebKit/537.36 (KHTML, like Gecko) Chrome/140.0.0.0 Safari/537.36" "-"
172.18.0.1 - - [29/Sep/2025:23:44:35 +0000] "GET /products/3/edit HTTP/1.1" 200 284 "http://localhost/products" "Mozilla/5.0 (Windows NT 10.0; Win64; x64) AppleWebKit/537.36 (KHTML, like Gecko) Chrome/140.0.0.0 Safari/537.36" "-"
172.18.0.1 - - [29/Sep/2025:23:44:35 +0000] "GET /api/v1/categories?page=1&limit=100 HTTP/1.1" 200 783 "http://localhost/products/3/edit" "Mozilla/5.0 (Windows NT 10.0; Win64; x64) AppleWebKit/537.36 (KHTML, like Gecko) Chrome/140.0.0.0 Safari/537.36" "-"
172.18.0.1 - - [29/Sep/2025:23:44:35 +0000] "GET /api/v1/products/3 HTTP/1.1" 200 469 "http://localhost/products/3/edit" "Mozilla/5.0 (Windows NT 10.0; Win64; x64) AppleWebKit/537.36 (KHTML, like Gecko) Chrome/140.0.0.0 Safari/537.36" "-"
172.18.0.1 - - [29/Sep/2025:23:44:35 +0000] "GET /uploads/Search-Domain-2-1759165906871-984713144.png HTTP/1.1" 404 190 "http://localhost/products/3/edit" "Mozilla/5.0 (Windows NT 10.0; Win64; x64) AppleWebKit/537.36 (KHTML, like Gecko) Chrome/140.0.0.0 Safari/537.36" "-"
127.0.0.1 - - [29/Sep/2025:23:44:36 +0000] "GET / HTTP/1.1" 200 2393 "-" "curl/8.5.0" "-"
172.18.0.1 - - [29/Sep/2025:23:44:46 +0000] "PUT /api/v1/products/3 HTTP/1.1" 200 467 "http://localhost/products/3/edit" "Mozilla/5.0 (Windows NT 10.0; Win64; x64) AppleWebKit/537.36 (KHTML, like Gecko) Chrome/140.0.0.0 Safari/537.36" "-"
172.18.0.1 - - [29/Sep/2025:23:44:50 +0000] "GET /products HTTP/1.1" 200 252 "http://localhost/products/3/edit" "Mozilla/5.0 (Windows NT 10.0; Win64; x64) AppleWebKit/537.36 (KHTML, like Gecko) Chrome/140.0.0.0 Safari/537.36" "-"
172.18.0.1 - - [29/Sep/2025:23:44:50 +0000] "GET /api/v1/products?page=1&limit=10 HTTP/1.1" 200 609 "http://localhost/products" "Mozilla/5.0 (Windows NT 10.0; Win64; x64) AppleWebKit/537.36 (KHTML, like Gecko) Chrome/140.0.0.0 Safari/537.36" "-"
172.18.0.1 - - [29/Sep/2025:23:44:50 +0000] "GET /uploads/Search-Domain-2-1759165837819-257723119.png HTTP/1.1" 404 190 "http://localhost/products" "Mozilla/5.0 (Windows NT 10.0; Win64; x64) AppleWebKit/537.36 (KHTML, like Gecko) Chrome/140.0.0.0 Safari/537.36" "-"
172.18.0.1 - - [29/Sep/2025:23:44:50 +0000] "GET /uploads/Search-Domain-2-1759189486463-224367986.png HTTP/1.1" 200 149231 "http://localhost/products" "Mozilla/5.0 (Windows NT 10.0; Win64; x64) AppleWebKit/537.36 (KHTML, like Gecko) Chrome/140.0.0.0 Safari/537.36" "-"
172.18.0.1 - - [29/Sep/2025:23:44:55 +0000] "GET /categories HTTP/1.1" 200 291 "http://localhost/products" "Mozilla/5.0 (Windows NT 10.0; Win64; x64) AppleWebKit/537.36 (KHTML, like Gecko) Chrome/140.0.0.0 Safari/537.36" "-"
172.18.0.1 - - [29/Sep/2025:23:44:55 +0000] "GET /build/assets/Index-cYzOYJaT.js HTTP/1.1" 200 5693 "-" "Mozilla/5.0 (Windows NT 10.0; Win64; x64) AppleWebKit/537.36 (KHTML, like Gecko) Chrome/140.0.0.0 Safari/537.36" "-"
172.18.0.1 - - [29/Sep/2025:23:44:55 +0000] "GET /api/v1/categories?page=1&limit=10 HTTP/1.1" 200 783 "http://localhost/categories" "Mozilla/5.0 (Windows NT 10.0; Win64; x64) AppleWebKit/537.36 (KHTML, like Gecko) Chrome/140.0.0.0 Safari/537.36" "-"
172.18.0.1 - - [29/Sep/2025:23:45:00 +0000] "GET / HTTP/1.1" 200 232 "http://localhost/categories" "Mozilla/5.0 (Windows NT 10.0; Win64; x64) AppleWebKit/537.36 (KHTML, like Gecko) Chrome/140.0.0.0 Safari/537.36" "-"
172.18.0.1 - - [29/Sep/2025:23:45:00 +0000] "GET /build/assets/Home-C6VROHjZ.js HTTP/1.1" 200 648 "-" "Mozilla/5.0 (Windows NT 10.0; Win64; x64) AppleWebKit/537.36 (KHTML, like Gecko) Chrome/140.0.0.0 Safari/537.36" "-"
172.18.0.1 - - [29/Sep/2025:23:45:01 +0000] "GET /dashboard HTTP/1.1" 200 246 "http://localhost/" "Mozilla/5.0 (Windows NT 10.0; Win64; x64) AppleWebKit/537.36 (KHTML, like Gecko) Chrome/140.0.0.0 Safari/537.36" "-"
172.18.0.1 - - [29/Sep/2025:23:45:01 +0000] "GET /api/health HTTP/1.1" 200 95 "http://localhost/dashboard" "Mozilla/5.0 (Windows NT 10.0; Win64; x64) AppleWebKit/537.36 (KHTML, like Gecko) Chrome/140.0.0.0 Safari/537.36" "-"
172.18.0.1 - - [29/Sep/2025:23:45:01 +0000] "GET /api/v1/users?page=1&limit=5 HTTP/1.1" 200 513 "http://localhost/dashboard" "Mozilla/5.0 (Windows NT 10.0; Win64; x64) AppleWebKit/537.36 (KHTML, like Gecko) Chrome/140.0.0.0 Safari/537.36" "-"
127.0.0.1 - - [29/Sep/2025:23:45:08 +0000] "GET / HTTP/1.1" 200 2356 "-" "curl/8.5.0" "-"
172.18.0.1 - - [29/Sep/2025:23:45:31 +0000] "GET /api/health HTTP/1.1" 200 95 "http://localhost/dashboard" "Mozilla/5.0 (Windows NT 10.0; Win64; x64) AppleWebKit/537.36 (KHTML, like Gecko) Chrome/140.0.0.0 Safari/537.36" "-"
127.0.0.1 - - [29/Sep/2025:23:45:41 +0000] "GET / HTTP/1.1" 200 2447 "-" "curl/8.5.0" "-"
172.18.0.1 - - [29/Sep/2025:23:46:01 +0000] "GET /api/health HTTP/1.1" 200 95 "http://localhost/dashboard" "Mozilla/5.0 (Windows NT 10.0; Win64; x64) AppleWebKit/537.36 (KHTML, like Gecko) Chrome/140.0.0.0 Safari/537.36" "-"
127.0.0.1 - - [29/Sep/2025:23:46:14 +0000] "GET / HTTP/1.1" 499 0 "-" "curl/8.5.0" "-"
172.18.0.1 - - [29/Sep/2025:23:46:31 +0000] "GET /api/health HTTP/1.1" 200 95 "http://localhost/dashboard" "Mozilla/5.0 (Windows NT 10.0; Win64; x64) AppleWebKit/537.36 (KHTML, like Gecko) Chrome/140.0.0.0 Safari/537.36" "-"
127.0.0.1 - - [29/Sep/2025:23:46:47 +0000] "GET / HTTP/1.1" 499 0 "-" "curl/8.5.0" "-"
172.18.0.1 - - [29/Sep/2025:23:47:01 +0000] "GET /api/health HTTP/1.1" 200 95 "http://localhost/dashboard" "Mozilla/5.0 (Windows NT 10.0; Win64; x64) AppleWebKit/537.36 (KHTML, like Gecko) Chrome/140.0.0.0 Safari/537.36" "-"
127.0.0.1 - - [29/Sep/2025:23:47:20 +0000] "GET / HTTP/1.1" 499 0 "-" "curl/8.5.0" "-"
172.18.0.1 - - [29/Sep/2025:23:47:31 +0000] "GET /api/health HTTP/1.1" 200 95 "http://localhost/dashboard" "Mozilla/5.0 (Windows NT 10.0; Win64; x64) AppleWebKit/537.36 (KHTML, like Gecko) Chrome/140.0.0.0 Safari/537.36" "-"
127.0.0.1 - - [29/Sep/2025:23:47:52 +0000] "GET / HTTP/1.1" 200 2402 "-" "curl/8.5.0" "-"
172.18.0.1 - - [29/Sep/2025:23:48:01 +0000] "GET /api/health HTTP/1.1" 200 95 "http://localhost/dashboard" "Mozilla/5.0 (Windows NT 10.0; Win64; x64) AppleWebKit/537.36 (KHTML, like Gecko) Chrome/140.0.0.0 Safari/537.36" "-"
127.0.0.1 - - [29/Sep/2025:23:48:24 +0000] "GET / HTTP/1.1" 200 2368 "-" "curl/8.5.0" "-"
172.18.0.1 - - [29/Sep/2025:23:48:31 +0000] "GET /api/health HTTP/1.1" 200 95 "http://localhost/dashboard" "Mozilla/5.0 (Windows NT 10.0; Win64; x64) AppleWebKit/537.36 (KHTML, like Gecko) Chrome/140.0.0.0 Safari/537.36" "-"
127.0.0.1 - - [29/Sep/2025:23:48:57 +0000] "GET / HTTP/1.1" 200 2367 "-" "curl/8.5.0" "-"
172.18.0.1 - - [29/Sep/2025:23:49:01 +0000] "GET /api/health HTTP/1.1" 200 95 "http://localhost/dashboard" "Mozilla/5.0 (Windows NT 10.0; Win64; x64) AppleWebKit/537.36 (KHTML, like Gecko) Chrome/140.0.0.0 Safari/537.36" "-"
127.0.0.1 - - [29/Sep/2025:23:49:30 +0000] "GET / HTTP/1.1" 499 0 "-" "curl/8.5.0" "-"
172.18.0.1 - - [29/Sep/2025:23:49:31 +0000] "GET /api/health HTTP/1.1" 200 95 "http://localhost/dashboard" "Mozilla/5.0 (Windows NT 10.0; Win64; x64) AppleWebKit/537.36 (KHTML, like Gecko) Chrome/140.0.0.0 Safari/537.36" "-"
172.18.0.1 - - [29/Sep/2025:23:50:01 +0000] "GET /api/health HTTP/1.1" 200 95 "http://localhost/dashboard" "Mozilla/5.0 (Windows NT 10.0; Win64; x64) AppleWebKit/537.36 (KHTML, like Gecko) Chrome/140.0.0.0 Safari/537.36" "-"
127.0.0.1 - - [29/Sep/2025:23:50:03 +0000] "GET / HTTP/1.1" 499 0 "-" "curl/8.5.0" "-"
172.18.0.1 - - [29/Sep/2025:23:50:31 +0000] "GET /api/health HTTP/1.1" 200 95 "http://localhost/dashboard" "Mozilla/5.0 (Windows NT 10.0; Win64; x64) AppleWebKit/537.36 (KHTML, like Gecko) Chrome/140.0.0.0 Safari/537.36" "-"
127.0.0.1 - - [29/Sep/2025:23:50:36 +0000] "GET / HTTP/1.1" 499 0 "-" "curl/8.5.0" "-"
172.18.0.1 - - [29/Sep/2025:23:51:01 +0000] "GET /api/health HTTP/1.1" 200 95 "http://localhost/dashboard" "Mozilla/5.0 (Windows NT 10.0; Win64; x64) AppleWebKit/537.36 (KHTML, like Gecko) Chrome/140.0.0.0 Safari/537.36" "-"
127.0.0.1 - - [29/Sep/2025:23:51:09 +0000] "GET / HTTP/1.1" 200 2386 "-" "curl/8.5.0" "-"
172.18.0.1 - - [29/Sep/2025:23:51:31 +0000] "GET /api/health HTTP/1.1" 200 95 "http://localhost/dashboard" "Mozilla/5.0 (Windows NT 10.0; Win64; x64) AppleWebKit/537.36 (KHTML, like Gecko) Chrome/140.0.0.0 Safari/537.36" "-"
127.0.0.1 - - [29/Sep/2025:23:51:42 +0000] "GET / HTTP/1.1" 499 0 "-" "curl/8.5.0" "-"
172.18.0.1 - - [29/Sep/2025:23:52:01 +0000] "GET /api/health HTTP/1.1" 200 95 "http://localhost/dashboard" "Mozilla/5.0 (Windows NT 10.0; Win64; x64) AppleWebKit/537.36 (KHTML, like Gecko) Chrome/140.0.0.0 Safari/537.36" "-"
127.0.0.1 - - [29/Sep/2025:23:52:15 +0000] "GET / HTTP/1.1" 200 2416 "-" "curl/8.5.0" "-"
172.18.0.1 - - [29/Sep/2025:23:52:31 +0000] "GET /api/health HTTP/1.1" 200 95 "http://localhost/dashboard" "Mozilla/5.0 (Windows NT 10.0; Win64; x64) AppleWebKit/537.36 (KHTML, like Gecko) Chrome/140.0.0.0 Safari/537.36" "-"
127.0.0.1 - - [29/Sep/2025:23:52:48 +0000] "GET / HTTP/1.1" 499 0 "-" "curl/8.5.0" "-"
172.18.0.1 - - [29/Sep/2025:23:53:01 +0000] "GET /api/health HTTP/1.1" 200 95 "http://localhost/dashboard" "Mozilla/5.0 (Windows NT 10.0; Win64; x64) AppleWebKit/537.36 (KHTML, like Gecko) Chrome/140.0.0.0 Safari/537.36" "-"
